Component: ARM Compiler 5.06 update 7 (build 960) Tool: armlink [4d3601]

==============================================================================

Section Cross References

    startup.o(STACK) refers (Special) to heapauxi.o(.text) for __use_two_region_memory
    startup.o(HEAP) refers (Special) to heapauxi.o(.text) for __use_two_region_memory
    startup.o(RESET) refers (Special) to heapauxi.o(.text) for __use_two_region_memory
    startup.o(RESET) refers to startup.o(STACK) for StackMem
    startup.o(RESET) refers to sound.o(i.SysTick_Handler) for SysTick_Handler
    startup.o(RESET) refers to button.o(i.GPIOPortE_Handler) for GPIOPortE_Handler
    startup.o(RESET) refers to cattrap.o(i.Timer0A_Handler) for Timer0A_Handler
    startup.o(RESET) refers to cattrap.o(i.Timer1A_Handler) for Timer1A_Handler
    startup.o(RESET) refers to texas.o(i.Timer5A_Handler) for Timer5A_Handler
    startup.o(RESET) refers to __main.o(!!!main) for __main
    startup.o(.text) refers (Special) to heapauxi.o(.text) for __use_two_region_memory
    startup.o(.text) refers to startup.o(HEAP) for HeapMem
    startup.o(.text) refers to startup.o(STACK) for StackMem
    random.o(.text) refers to random.o(DATA) for M
    sound.o(i.Sound_Init) refers to dac.o(i.DAC_Init) for DAC_Init
    sound.o(i.Sound_Off) refers to dac.o(i.DAC_Out) for DAC_Out
    sound.o(i.SysTick_Handler) refers to dac.o(i.DAC_Out) for DAC_Out
    sound.o(i.SysTick_Handler) refers to sound.o(.data) for musicSelect
    sound.o(i.SysTick_Handler) refers to sound.o(.constdata) for WIN
    print.o(.text) refers (Special) to st7735.o(i.ST7735_OutString) for ST7735_OutString
    print.o(.text) refers to st7735.o(i.ST7735_OutChar) for ST7735_OutChar
    st7735.o(i.Output_Clear) refers to st7735.o(i.ST7735_FillScreen) for ST7735_FillScreen
    st7735.o(i.Output_Color) refers to st7735.o(i.ST7735_SetTextColor) for ST7735_SetTextColor
    st7735.o(i.Output_Init) refers to st7735.o(i.ST7735_InitR) for ST7735_InitR
    st7735.o(i.Output_Init) refers to st7735.o(i.ST7735_FillScreen) for ST7735_FillScreen
    st7735.o(i.Output_Off) refers to st7735.o(i.Output_Clear) for Output_Clear
    st7735.o(i.Output_On) refers to st7735.o(i.Output_Init) for Output_Init
    st7735.o(i.ST7735_DrawBitmap) refers to st7735.o(i.setAddrWindow) for setAddrWindow
    st7735.o(i.ST7735_DrawBitmap) refers to lcd.o(.text) for writedata
    st7735.o(i.ST7735_DrawBitmap) refers to st7735.o(.data) for _width
    st7735.o(i.ST7735_DrawChar) refers to st7735.o(i.setAddrWindow) for setAddrWindow
    st7735.o(i.ST7735_DrawChar) refers to st7735.o(i.pushColor) for pushColor
    st7735.o(i.ST7735_DrawChar) refers to st7735.o(.data) for _width
    st7735.o(i.ST7735_DrawChar) refers to st7735.o(.constdata) for Font
    st7735.o(i.ST7735_DrawCharS) refers to st7735.o(i.ST7735_DrawPixel) for ST7735_DrawPixel
    st7735.o(i.ST7735_DrawCharS) refers to st7735.o(i.ST7735_FillRect) for ST7735_FillRect
    st7735.o(i.ST7735_DrawCharS) refers to st7735.o(.data) for _width
    st7735.o(i.ST7735_DrawCharS) refers to st7735.o(.constdata) for Font
    st7735.o(i.ST7735_DrawCircle) refers to st7735.o(i.setAddrWindow) for setAddrWindow
    st7735.o(i.ST7735_DrawCircle) refers to lcd.o(.text) for writedata
    st7735.o(i.ST7735_DrawCircle) refers to st7735.o(i.deselect) for deselect
    st7735.o(i.ST7735_DrawCircle) refers to st7735.o(.data) for _width
    st7735.o(i.ST7735_DrawCircle) refers to st7735.o(.constdata) for circle
    st7735.o(i.ST7735_DrawFastHLine) refers to st7735.o(i.setAddrWindow) for setAddrWindow
    st7735.o(i.ST7735_DrawFastHLine) refers to lcd.o(.text) for writedata
    st7735.o(i.ST7735_DrawFastHLine) refers to st7735.o(.data) for _width
    st7735.o(i.ST7735_DrawFastVLine) refers to st7735.o(i.setAddrWindow) for setAddrWindow
    st7735.o(i.ST7735_DrawFastVLine) refers to lcd.o(.text) for writedata
    st7735.o(i.ST7735_DrawFastVLine) refers to st7735.o(.data) for _width
    st7735.o(i.ST7735_DrawPixel) refers to st7735.o(i.setAddrWindow) for setAddrWindow
    st7735.o(i.ST7735_DrawPixel) refers to st7735.o(i.pushColor) for pushColor
    st7735.o(i.ST7735_DrawPixel) refers to st7735.o(.data) for _width
    st7735.o(i.ST7735_DrawSmallCircle) refers to st7735.o(i.setAddrWindow) for setAddrWindow
    st7735.o(i.ST7735_DrawSmallCircle) refers to lcd.o(.text) for writedata
    st7735.o(i.ST7735_DrawSmallCircle) refers to st7735.o(i.deselect) for deselect
    st7735.o(i.ST7735_DrawSmallCircle) refers to st7735.o(.data) for _width
    st7735.o(i.ST7735_DrawSmallCircle) refers to st7735.o(.constdata) for smallCircle
    st7735.o(i.ST7735_DrawString) refers to st7735.o(i.ST7735_DrawCharS) for ST7735_DrawCharS
    st7735.o(i.ST7735_FillRect) refers to st7735.o(i.setAddrWindow) for setAddrWindow
    st7735.o(i.ST7735_FillRect) refers to lcd.o(.text) for writedata
    st7735.o(i.ST7735_FillRect) refers to st7735.o(.data) for _width
[...]
    cattrap.o(i.main) refers to button.o(i.Button_init) for Button_init
    cattrap.o(i.main) refers to button.o(i.EdgeCounter_Init) for EdgeCounter_Init
    cattrap.o(i.main) refers to adc.o(i.ADC0_Init) for ADC0_Init
    cattrap.o(i.main) refers to texas.o(i.ADC1_Init) for ADC1_Init
    cattrap.o(i.main) refers to sound.o(i.Sound_Init) for Sound_Init
    cattrap.o(i.main) refers to timer1.o(i.Timer1_Init) for Timer1_Init
    cattrap.o(i.main) refers to st7735.o(i.Output_Init) for Output_Init
    cattrap.o(i.main) refers to st7735.o(i.ST7735_SetRotation) for ST7735_SetRotation
    cattrap.o(i.main) refers to st7735.o(i.ST7735_FillScreen) for ST7735_FillScreen
    cattrap.o(i.main) refers to cattrap.o(i.Random81) for Random81
    cattrap.o(i.main) refers to sound.o(i.Sound_Start) for Sound_Start
    cattrap.o(i.main) refers to cattrap.o(i.HomeScreen) for HomeScreen
    cattrap.o(i.main) refers to board.o(i.Board_Init) for Board_Init
    cattrap.o(i.main) refers to timer0.o(i.Timer0_Init) for Timer0_Init
    cattrap.o(i.main) refers to cattrap.o(i.checkADC1) for checkADC1
    cattrap.o(i.main) refers to cattrap.o(i.checkADC0) for checkADC0
    cattrap.o(i.main) refers to cattrap.o(i.selector) for selector
    cattrap.o(i.main) refers to board.o(i.Board_Change) for Board_Change
    cattrap.o(i.main) refers to st7735.o(i.ST7735_DrawBitmap) for ST7735_DrawBitmap
    cattrap.o(i.main) refers to cattrap.o(i.Distance_Init) for Distance_Init
    cattrap.o(i.main) refers to cattrap.o(i.CatWhere) for CatWhere
    cattrap.o(i.main) refers to cattrap.o(i.moveCat) for moveCat
    cattrap.o(i.main) refers to cattrap.o(i.EndGame) for EndGame
    cattrap.o(i.main) refers to cattrap.o(.data) for CatTrap
    cattrap.o(i.main) refers to button.o(.data) for resetFlag
    cattrap.o(i.main) refers to sound.o(.data) for musicSelect
    cattrap.o(i.main) refers to cattrap.o(.bss) for TotalG
    cattrap.o(i.main) refers to cattrap.o(.constdata) for GreySquare
    cattrap.o(i.moveCat) refers to cattrap.o(i.GetCatCol) for GetCatCol
    cattrap.o(i.moveCat) refers to cattrap.o(i.GetCatRow) for GetCatRow
    cattrap.o(i.moveCat) refers to board.o(i.Board_Change) for Board_Change
    cattrap.o(i.moveCat) refers to st7735.o(i.ST7735_DrawBitmap) for ST7735_DrawBitmap
    cattrap.o(i.moveCat) refers to cattrap.o(.bss) for Board
    cattrap.o(i.moveCat) refers to cattrap.o(.constdata) for YellowSquare
    cattrap.o(i.selector) refers to startup.o(.text) for DisableInterrupts
    cattrap.o(i.selector) refers to cattrap.o(i.checkADC1) for checkADC1
    cattrap.o(i.selector) refers to cattrap.o(i.checkADC0) for checkADC0
    cattrap.o(i.selector) refers to board.o(i.Board_Change) for Board_Change
    cattrap.o(i.selector) refers to st7735.o(i.ST7735_DrawBitmap) for ST7735_DrawBitmap
    cattrap.o(i.selector) refers to cattrap.o(.data) for selectedX
    cattrap.o(i.selector) refers to cattrap.o(.bss) for Board
    cattrap.o(i.selector) refers to cattrap.o(.constdata) for BlueSquare
    cattrap.o(i.selector) refers to button.o(.data) for printBlueFlag
    cattrap.o(.data) refers to cattrap.o(.constdata) for Hello_English
    __main.o(!!!main) refers to __rtentry.o(.ARM.Collect$$rtentry$$00000000) for __rt_entry
    __rtentry.o(.ARM.Collect$$rtentry$$00000000) refers (Special) to __rtentry2.o(.ARM.Collect$$rtentry$$0000000A) for __rt_entry_li
    __rtentry.o(.ARM.Collect$$rtentry$$00000000) refers (Special) to __rtentry2.o(.ARM.Collect$$rtentry$$0000000D) for __rt_entry_main
    __rtentry.o(.ARM.Collect$$rtentry$$00000000) refers (Special) to __rtentry2.o(.ARM.Collect$$rtentry$$0000000C) for __rt_entry_postli_1
    __rtentry.o(.ARM.Collect$$rtentry$$00000000) refers (Special) to __rtentry2.o(.ARM.Collect$$rtentry$$00000009) for __rt_entry_postsh_1
    __rtentry.o(.ARM.Collect$$rtentry$$00000000) refers (Special) to __rtentry2.o(.ARM.Collect$$rtentry$$00000002) for __rt_entry_presh_1
    __rtentry.o(.ARM.Collect$$rtentry$$00000000) refers (Special) to __rtentry4.o(.ARM.Collect$$rtentry$$00000004) for __rt_entry_sh
    __rtentry2.o(.ARM.Collect$$rtentry$$00000008) refers to boardinit2.o(.text) for _platform_post_stackheap_init
    __rtentry2.o(.ARM.Collect$$rtentry$$0000000A) refers to libinit.o(.ARM.Collect$$libinit$$00000000) for __rt_lib_init
    __rtentry2.o(.ARM.Collect$$rtentry$$0000000B) refers to boardinit3.o(.text) for _platform_post_lib_init
    __rtentry2.o(.ARM.Collect$$rtentry$$0000000D) refers to cattrap.o(i.main) for main
    __rtentry2.o(.ARM.Collect$$rtentry$$0000000D) refers to exit.o(.text) for exit
    __rtentry2.o(.ARM.exidx) refers to __rtentry2.o(.ARM.Collect$$rtentry$$00000001) for .ARM.Collect$$rtentry$$00000001
    __rtentry2.o(.ARM.exidx) refers to __rtentry2.o(.ARM.Collect$$rtentry$$00000008) for .ARM.Collect$$rtentry$$00000008
    __rtentry2.o(.ARM.exidx) refers to __rtentry2.o(.ARM.Collect$$rtentry$$0000000A) for .ARM.Collect$$rtentry$$0000000A
    __rtentry2.o(.ARM.exidx) refers to __rtentry2.o(.ARM.Collect$$rtentry$$0000000B) for .ARM.Collect$$rtentry$$0000000B
    __rtentry2.o(.ARM.exidx) refers to __rtentry2.o(.ARM.Collect$$rtentry$$0000000D) for .ARM.Collect$$rtentry$$0000000D
    __rtentry4.o(.ARM.Collect$$rtentry$$00000004) refers to sys_stackheap_outer.o(.text) for __user_setup_stackheap
    __rtentry4.o(.ARM.exidx) refers to __rtentry4.o(.ARM.Collect$$rtentry$$00000004) for .ARM.Collect$$rtentry$$00000004
    sys_stackheap_outer.o(.text) refers to libspace.o(.text) for __user_perproc_libspace
    sys_stackheap_outer.o(.text) refers to startup.o(.text) for __user_initial_stackheap
    exit.o(.text) refers to rtexit.o(.ARM.Collect$$rtexit$$00000000) for __rt_exit
    libinit.o(.ARM.Collect$$libinit$$00000000) refers (Special) to libinit2.o(.ARM.Collect$$libinit$$0000002E) for __rt_lib_init_alloca_1
    libinit.o(.ARM.Collect$$libinit$$00000000) refers (Special) to libinit2.o(.ARM.Collect$$libinit$$0000002C) for __rt_lib_init_argv_1
    libinit.o(.ARM.Collect$$libinit$$00000000) refers (Special) to libinit2.o(.ARM.Collect$$libinit$$0000001B) for __rt_lib_init_atexit_1
    libinit.o(.ARM.Collect$$libinit$$00000000) refers (Special) to libinit2.o(.ARM.Collect$$libinit$$00000021) for __rt_lib_init_clock_1
    libinit.o(.ARM.Collect$$libinit$$00000000) refers (Special) to libinit2.o(.ARM.Collect$$libinit$$00000032) for __rt_lib_init_cpp_1
    libinit.o(.ARM.Collect$$libinit$$00000000) refers (Special) to libinit2.o(.ARM.Collect$$libinit$$00000030) for __rt_lib_init_exceptions_1
    libinit.o(.ARM.Collect$$libinit$$00000000) refers (Special) to libinit2.o(.ARM.Collect$$libinit$$00000002) for __rt_lib_init_fp_1
    libinit.o(.ARM.Collect$$libinit$$00000000) refers (Special) to libinit2.o(.ARM.Collect$$libinit$$0000001F) for __rt_lib_init_fp_trap_1
    libinit.o(.ARM.Collect$$libinit$$00000000) refers (Special) to libinit2.o(.ARM.Collect$$libinit$$00000023) for __rt_lib_init_getenv_1
    libinit.o(.ARM.Collect$$libinit$$00000000) refers (Special) to libinit2.o(.ARM.Collect$$libinit$$0000000A) for __rt_lib_init_heap_1
    libinit.o(.ARM.Collect$$libinit$$00000000) refers (Special) to libinit2.o(.ARM.Collect$$libinit$$00000011) for __rt_lib_init_lc_collate_1
    libinit.o(.ARM.Collect$$libinit$$00000000) refers (Special) to libinit2.o(.ARM.Collect$$libinit$$00000013) for __rt_lib_init_lc_ctype_1
    libinit.o(.ARM.Collect$$libinit$$00000000) refers (Special) to libinit2.o(.ARM.Collect$$libinit$$00000015) for __rt_lib_init_lc_monetary_1
    libinit.o(.ARM.Collect$$libinit$$00000000) refers (Special) to libinit2.o(.ARM.Collect$$libinit$$00000017) for __rt_lib_init_lc_numeric_1
    libinit.o(.ARM.Collect$$libinit$$00000000) refers (Special) to libinit2.o(.ARM.Collect$$libinit$$00000019) for __rt_lib_init_lc_time_1
    libinit.o(.ARM.Collect$$libinit$$00000000) refers (Special) to libinit2.o(.ARM.Collect$$libinit$$00000004) for __rt_lib_init_preinit_1
    libinit.o(.ARM.Collect$$libinit$$00000000) refers (Special) to libinit2.o(.ARM.Collect$$libinit$$0000000E) for __rt_lib_init_rand_1
    libinit.o(.ARM.Collect$$libinit$$00000000) refers (Special) to libinit2.o(.ARM.Collect$$libinit$$00000033) for __rt_lib_init_return
    libinit.o(.ARM.Collect$$libinit$$00000000) refers (Special) to libinit2.o(.ARM.Collect$$libinit$$0000001D) for __rt_lib_init_signal_1
    libinit.o(.ARM.Collect$$libinit$$00000000) refers (Special) to libinit2.o(.ARM.Collect$$libinit$$00000025) for __rt_lib_init_stdio_1
    libinit.o(.ARM.Collect$$libinit$$00000000) refers (Special) to libinit2.o(.ARM.Collect$$libinit$$0000000C) for __rt_lib_init_user_alloc_1
    libspace.o(.text) refers to libspace.o(.bss) for __libspace_start
    rtexit.o(.ARM.Collect$$rtexit$$00000000) refers (Special) to rtexit2.o(.ARM.Collect$$rtexit$$00000004) for __rt_exit_exit
    rtexit.o(.ARM.Collect$$rtexit$$00000000) refers (Special) to rtexit2.o(.ARM.Collect$$rtexit$$00000003) for __rt_exit_ls
    rtexit.o(.ARM.Collect$$rtexit$$00000000) refers (Special) to rtexit2.o(.ARM.Collect$$rtexit$$00000002) for __rt_exit_prels_1
    rtexit.o(.ARM.exidx) refers (Special) to rtexit2.o(.ARM.Collect$$rtexit$$00000004) for __rt_exit_exit
    rtexit.o(.ARM.exidx) refers (Special) to rtexit2.o(.ARM.Collect$$rtexit$$00000003) for __rt_exit_ls
    rtexit.o(.ARM.exidx) refers (Special) to rtexit2.o(.ARM.Collect$$rtexit$$00000002) for __rt_exit_prels_1
    rtexit.o(.ARM.exidx) refers to rtexit.o(.ARM.Collect$$rtexit$$00000000) for .ARM.Collect$$rtexit$$00000000
    libinit2.o(.ARM.Collect$$libinit$$00000010) refers to libinit2.o(.ARM.Collect$$libinit$$0000000F) for .ARM.Collect$$libinit$$0000000F
    libinit2.o(.ARM.Collect$$libinit$$00000012) refers to libinit2.o(.ARM.Collect$$libinit$$0000000F) for .ARM.Collect$$libinit$$0000000F
    libinit2.o(.ARM.Collect$$libinit$$00000014) refers to libinit2.o(.ARM.Collect$$libinit$$0000000F) for .ARM.Collect$$libinit$$0000000F
    libinit2.o(.ARM.Collect$$libinit$$00000016) refers to libinit2.o(.ARM.Collect$$libinit$$0000000F) for .ARM.Collect$$libinit$$0000000F
    libinit2.o(.ARM.Collect$$libinit$$00000018) refers to libinit2.o(.ARM.Collect$$libinit$$0000000F) for .ARM.Collect$$libinit$$0000000F
    libinit2.o(.ARM.Collect$$libinit$$00000026) refers to argv_veneer.o(.emb_text) for __ARM_argv_veneer
    libinit2.o(.ARM.Collect$$libinit$$00000027) refers to argv_veneer.o(.emb_text) for __ARM_argv_veneer
    rtexit2.o(.ARM.Collect$$rtexit$$00000003) refers to libshutdown.o(.ARM.Collect$$libshutdown$$00000000) for __rt_lib_shutdown
    rtexit2.o(.ARM.Collect$$rtexit$$00000004) refers to sys_exit.o(.text) for _sys_exit
    rtexit2.o(.ARM.exidx) refers to rtexit2.o(.ARM.Collect$$rtexit$$00000001) for .ARM.Collect$$rtexit$$00000001
    rtexit2.o(.ARM.exidx) refers to rtexit2.o(.ARM.Collect$$rtexit$$00000003) for .ARM.Collect$$rtexit$$00000003
    rtexit2.o(.ARM.exidx) refers to rtexit2.o(.ARM.Collect$$rtexit$$00000004) for .ARM.Collect$$rtexit$$00000004
    argv_veneer.o(.emb_text) refers to no_argv.o(.text) for __ARM_get_argv
    sys_exit.o(.text) refers (Special) to use_no_semi.o(.text) for __I$use$semihosting
    sys_exit.o(.text) refers (Special) to indicate_semi.o(.text) for __semihosting_library_function
    _get_argv_nomalloc.o(.text) refers (Special) to hrguard.o(.text) for __heap_region$guard
    _get_argv_nomalloc.o(.text) refers to defsig_rtmem_outer.o(.text) for __rt_SIGRTMEM
    _get_argv_nomalloc.o(.text) refers to sys_command.o(.text) for _sys_command_string
    libshutdown.o(.ARM.Collect$$libshutdown$$00000000) refers (Special) to libshutdown2.o(.ARM.Collect$$libshutdown$$00000004) for __rt_lib_shutdown_cpp_1
    libshutdown.o(.ARM.Collect$$libshutdown$$00000000) refers (Special) to libshutdown2.o(.ARM.Collect$$libshutdown$$00000002) for __rt_lib_shutdown_fini_1
    libshutdown.o(.ARM.Collect$$libshutdown$$00000000) refers (Special) to libshutdown2.o(.ARM.Collect$$libshutdown$$00000009) for __rt_lib_shutdown_fp_trap_1
    libshutdown.o(.ARM.Collect$$libshutdown$$00000000) refers (Special) to libshutdown2.o(.ARM.Collect$$libshutdown$$00000011) for __rt_lib_shutdown_heap_1
    libshutdown.o(.ARM.Collect$$libshutdown$$00000000) refers (Special) to libshutdown2.o(.ARM.Collect$$libshutdown$$00000012) for __rt_lib_shutdown_return
    libshutdown.o(.ARM.Collect$$libshutdown$$00000000) refers (Special) to libshutdown2.o(.ARM.Collect$$libshutdown$$0000000C) for __rt_lib_shutdown_signal_1
    libshutdown.o(.ARM.Collect$$libshutdown$$00000000) refers (Special) to libshutdown2.o(.ARM.Collect$$libshutdown$$00000006) for __rt_lib_shutdown_stdio_1
    libshutdown.o(.ARM.Collect$$libshutdown$$00000000) refers (Special) to libshutdown2.o(.ARM.Collect$$libshutdown$$0000000E) for __rt_lib_shutdown_user_alloc_1
    sys_command.o(.text) refers (Special) to use_no_semi.o(.text) for __I$use$semihosting
    sys_command.o(.text) refers (Special) to indicate_semi.o(.text) for __semihosting_library_function
    defsig_rtmem_outer.o(.text) refers to defsig_rtmem_inner.o(.text) for __rt_SIGRTMEM_inner
    defsig_rtmem_outer.o(.text) refers to defsig_exit.o(.text) for __sig_exit
    defsig_rtmem_formal.o(.text) refers to rt_raise.o(.text) for __rt_raise
    rt_raise.o(.text) refers to __raise.o(.text) for __raise
    rt_raise.o(.text) refers to sys_exit.o(.text) for _sys_exit
    defsig_exit.o(.text) refers to sys_exit.o(.text) for _sys_exit
    defsig_rtmem_inner.o(.text) refers to defsig_general.o(.text) for __default_signal_display
    __raise.o(.text) refers to defsig.o(CL$$defsig) for __default_signal_handler
    defsig_general.o(.text) refers to sys_wrch.o(.text) for _ttywrch
    sys_wrch.o(.text) refers (Special) to use_no_semi.o(.text) for __I$use$semihosting
    sys_wrch.o(.text) refers (Special) to indicate_semi.o(.text) for __semihosting_library_function
    defsig.o(CL$$defsig) refers to defsig_rtmem_inner.o(.text) for __rt_SIGRTMEM_inner
    defsig_abrt_inner.o(.text) refers to defsig_general.o(.text) for __default_signal_display
    defsig_fpe_inner.o(.text) refers to defsig_general.o(.text) for __default_signal_display
    defsig_rtred_inner.o(.text) refers to defsig_general.o(.text) for __default_signal_display
    defsig_stak_inner.o(.text) refers to defsig_general.o(.text) for __default_signal_display
    defsig_pvfn_inner.o(.text) refers to defsig_general.o(.text) for __default_signal_display
    defsig_cppl_inner.o(.text) refers to defsig_general.o(.text) for __default_signal_display
    defsig_segv_inner.o(.text) refers to defsig_general.o(.text) for __default_signal_display
    defsig_other.o(.text) refers to defsig_general.o(.text) for __default_signal_display


==============================================================================

Removing Unused input sections from the image.

    Removing sound.o(i.Sound_Off), (16 bytes).
    Removing st7735.o(i.Output_Clear), (10 bytes).
    Removing st7735.o(i.Output_Color), (12 bytes).
    Removing st7735.o(i.Output_Off), (8 bytes).
    Removing st7735.o(i.Output_On), (8 bytes).
    Removing st7735.o(i.ST7735_Color565), (24 bytes).
    Removing st7735.o(i.ST7735_DrawChar), (272 bytes).
    Removing st7735.o(i.ST7735_DrawCircle), (172 bytes).
    Removing st7735.o(i.ST7735_DrawFastHLine), (124 bytes).
    Removing st7735.o(i.ST7735_DrawFastVLine), (124 bytes).
    Removing st7735.o(i.ST7735_DrawSmallCircle), (172 bytes).
    Removing st7735.o(i.ST7735_InitB), (40 bytes).
    Removing st7735.o(i.ST7735_InvertDisplay), (22 bytes).
    Removing st7735.o(i.ST7735_OutUDec), (140 bytes).
    Removing st7735.o(i.ST7735_PlotBar), (88 bytes).
    Removing st7735.o(i.ST7735_PlotClear), (92 bytes).
    Removing st7735.o(i.ST7735_PlotLine), (264 bytes).
    Removing st7735.o(i.ST7735_PlotNext), (32 bytes).
    Removing st7735.o(i.ST7735_PlotNextErase), (64 bytes).
    Removing st7735.o(i.ST7735_PlotPoint), (152 bytes).
    Removing st7735.o(i.ST7735_PlotPoints), (172 bytes).
    Removing st7735.o(i.ST7735_PlotdBfs), (60 bytes).
    Removing st7735.o(i.ST7735_SetTextColor), (12 bytes).
    Removing st7735.o(i.ST7735_SwapColor), (18 bytes).
    Removing st7735.o(i.deselect), (28 bytes).
    Removing st7735.o(i.ferror), (8 bytes).
    Removing st7735.o(i.fgetc), (6 bytes).
    Removing st7735.o(i.fillmessage), (72 bytes).
    Removing st7735.o(i.fputc), (16 bytes).
    Removing st7735.o(.bss), (12 bytes).
    Removing texas.o(i.PeriodicTask2_Stop), (36 bytes).
    Removing texas.o(i.TExaS_Stop), (8 bytes).
    Removing texas.o(i.UART0_InChar), (28 bytes).
    Removing texas.o(i.UART0_OutChar), (24 bytes).
    Removing texas.o(i.UART0_OutString), (22 bytes).
    Removing slicer.o(i.getBg), (22 bytes).
    Removing slicer.o(.bss), (320 bytes).
    Removing cattrap.o(i.ADC1MailFn), (12 bytes).
    Removing board.o(i.movingSquare), (2 bytes).

39 unused section(s) (total 2714 bytes) removed from the image.

==============================================================================

Image Symbol Table

    Local Symbols

    Symbol Name                              Value     Ov Type        Size  Object(Section)

    RESET                                    0x00000000   Section      644  startup.o(RESET)
    ../clib/angel/boardlib.s                 0x00000000   Number         0  boardinit2.o ABSOLUTE
    ../clib/angel/boardlib.s                 0x00000000   Number         0  boardshut.o ABSOLUTE
    ../clib/angel/boardlib.s                 0x00000000   Number         0  boardinit1.o ABSOLUTE
    ../clib/angel/boardlib.s                 0x00000000   Number         0  boardinit3.o ABSOLUTE
    ../clib/angel/dclz77c.s                  0x00000000   Number         0  __dclz77c.o ABSOLUTE
    ../clib/angel/handlers.s                 0x00000000   Number         0  __scatter_zi.o ABSOLUTE
    ../clib/angel/kernel.s                   0x00000000   Number         0  __rtentry.o ABSOLUTE
    ../clib/angel/kernel.s                   0x00000000   Number         0  rtexit.o ABSOLUTE
    ../clib/angel/kernel.s                   0x00000000   Number         0  rtexit2.o ABSOLUTE
    ../clib/angel/kernel.s                   0x00000000   Number         0  __rtentry4.o ABSOLUTE
    ../clib/angel/kernel.s                   0x00000000   Number         0  __rtentry2.o ABSOLUTE
    ../clib/angel/rt.s                       0x00000000   Number         0  rt_raise.o ABSOLUTE
    ../clib/angel/scatter.s                  0x00000000   Number         0  __scatter.o ABSOLUTE
    ../clib/angel/startup.s                  0x00000000   Number         0  __main.o ABSOLUTE
    ../clib/angel/sys.s                      0x00000000   Number         0  libspace.o ABSOLUTE
    ../clib/angel/sys.s                      0x00000000   Number         0  use_no_semi.o ABSOLUTE
    ../clib/angel/sys.s                      0x00000000   Number         0  indicate_semi.o ABSOLUTE
    ../clib/angel/sys.s                      0x00000000   Number         0  sys_stackheap_outer.o ABSOLUTE
    ../clib/angel/sysapp.c                   0x00000000   Number         0  sys_command.o ABSOLUTE
    ../clib/angel/sysapp.c                   0x00000000   Number         0  sys_exit.o ABSOLUTE
    ../clib/angel/sysapp.c                   0x00000000   Number         0  sys_wrch.o ABSOLUTE
    ../clib/armsys.c                         0x00000000   Number         0  no_argv.o ABSOLUTE
    ../clib/armsys.c                         0x00000000   Number         0  argv_veneer.o ABSOLUTE
    ../clib/armsys.c                         0x00000000   Number         0  argv_veneer.o ABSOLUTE
    ../clib/armsys.c                         0x00000000   Number         0  _get_argv_nomalloc.o ABSOLUTE
    ../clib/heapalloc.c                      0x00000000   Number         0  hrguard.o ABSOLUTE
    ../clib/heapaux.c                        0x00000000   Number         0  heapauxi.o ABSOLUTE
    ../clib/libinit.s                        0x00000000   Number         0  libinit2.o ABSOLUTE
    ../clib/libinit.s                        0x00000000   Number         0  libshutdown.o ABSOLUTE
    ../clib/libinit.s                        0x00000000   Number         0  libshutdown2.o ABSOLUTE
    ../clib/libinit.s                        0x00000000   Number         0  libinit.o ABSOLUTE
    ../clib/signal.c                         0x00000000   Number         0  defsig_segv_inner.o ABSOLUTE
    ../clib/signal.c                         0x00000000   Number         0  defsig_rtmem_inner.o ABSOLUTE
    ../clib/signal.c                         0x00000000   Number         0  defsig_exit.o ABSOLUTE
    ../clib/signal.c                         0x00000000   Number         0  defsig_general.o ABSOLUTE
    ../clib/signal.c                         0x00000000   Number         0  defsig_cppl_inner.o ABSOLUTE
    ../clib/signal.c                         0x00000000   Number         0  defsig_pvfn_inner.o ABSOLUTE
    ../clib/signal.c                         0x00000000   Number         0  defsig_stak_inner.o ABSOLUTE
    ../clib/signal.c                         0x00000000   Number         0  defsig_rtred_inner.o ABSOLUTE
    ../clib/signal.c                         0x00000000   Number         0  defsig_fpe_inner.o ABSOLUTE
    ../clib/signal.c                         0x00000000   Number         0  defsig_abrt_inner.o ABSOLUTE
    ../clib/signal.c                         0x00000000   Number         0  defsig_other.o ABSOLUTE
    ../clib/signal.c                         0x00000000   Number         0  defsig_rtmem_outer.o ABSOLUTE
    ../clib/signal.c                         0x00000000   Number         0  __raise.o ABSOLUTE
    ../clib/signal.c                         0x00000000   Number         0  defsig_rtmem_formal.o ABSOLUTE
    ../clib/signal.s                         0x00000000   Number         0  defsig.o ABSOLUTE
    ../clib/stdlib.c                         0x00000000   Number         0  exit.o ABSOLUTE
    ../fplib/fpinit.s                        0x00000000   Number         0  fpinit.o ABSOLUTE
    ADC.c                                    0x00000000   Number         0  adc.o ABSOLUTE
    Board.c                                  0x00000000   Number         0  board.o ABSOLUTE
    Button.c                                 0x00000000   Number         0  button.o ABSOLUTE
    CatTrap.c                                0x00000000   Number         0  cattrap.o ABSOLUTE
    DAC.c                                    0x00000000   Number         0  dac.o ABSOLUTE
    LCD.s                                    0x00000000   Number         0  lcd.o ABSOLUTE
    PLL.c                                    0x00000000   Number         0  pll.o ABSOLUTE
    Print.s                                  0x00000000   Number         0  print.o ABSOLUTE
    ST7735.c                                 0x00000000   Number         0  st7735.o ABSOLUTE
    Slicer.c                                 0x00000000   Number         0  slicer.o ABSOLUTE
    Sound.c                                  0x00000000   Number         0  sound.o ABSOLUTE
    TExaS.c                                  0x00000000   Number         0  texas.o ABSOLUTE
    Timer0.c                                 0x00000000   Number         0  timer0.o ABSOLUTE
    Timer1.c                                 0x00000000   Number         0  timer1.o ABSOLUTE
    dc.s                                     0x00000000   Number         0  dc.o ABSOLUTE
    random.s                                 0x00000000   Number         0  random.o ABSOLUTE
    startup.s                                0x00000000   Number         0  startup.o ABSOLUTE
    !!!main                                  0x00000284   Section        8  __main.o(!!!main)
    !!!scatter                               0x0000028c   Section       52  __scatter.o(!!!scatter)
    !!dclz77c                                0x000002c0   Section      100  __dclz77c.o(!!dclz77c)
    !!handler_zi                             0x00000324   Section       28  __scatter_zi.o(!!handler_zi)
    .ARM.Collect$$libinit$$00000000          0x00000340   Section        2  libinit.o(.ARM.Collect$$libinit$$00000000)
    .ARM.Collect$$libinit$$00000002          0x00000342   Section        0  libinit2.o(.ARM.Collect$$libinit$$00000002)
    .ARM.Collect$$libinit$$00000004          0x00000342   Section        0  libinit2.o(.ARM.Collect$$libinit$$00000004)
    .ARM.Collect$$libinit$$0000000A          0x00000342   Section        0  libinit2.o(.ARM.Collect$$libinit$$0000000A)
    .ARM.Collect$$libinit$$0000000C          0x00000342   Section        0  libinit2.o(.ARM.Collect$$libinit$$0000000C)
    .ARM.Collect$$libinit$$0000000E          0x00000342   Section        0  libinit2.o(.ARM.Collect$$libinit$$0000000E)
    .ARM.Collect$$libinit$$00000011          0x00000342   Section        0  libinit2.o(.ARM.Collect$$libinit$$00000011)
    .ARM.Collect$$libinit$$00000013          0x00000342   Section        0  libinit2.o(.ARM.Collect$$libinit$$00000013)
    .ARM.Collect$$libinit$$00000015          0x00000342   Section        0  libinit2.o(.ARM.Collect$$libinit$$00000015)
    .ARM.Collect$$libinit$$00000017          0x00000342   Section        0  libinit2.o(.ARM.Collect$$libinit$$00000017)
    .ARM.Collect$$libinit$$00000019          0x00000342   Section        0  libinit2.o(.ARM.Collect$$libinit$$00000019)
    .ARM.Collect$$libinit$$0000001B          0x00000342   Section        0  libinit2.o(.ARM.Collect$$libinit$$0000001B)
    .ARM.Collect$$libinit$$0000001D          0x00000342   Section        0  libinit2.o(.ARM.Collect$$libinit$$0000001D)
    .ARM.Collect$$libinit$$0000001F          0x00000342   Section        0  libinit2.o(.ARM.Collect$$libinit$$0000001F)
    .ARM.Collect$$libinit$$00000021          0x00000342   Section        0  libinit2.o(.ARM.Collect$$libinit$$00000021)
    .ARM.Collect$$libinit$$00000023          0x00000342   Section        0  libinit2.o(.ARM.Collect$$libinit$$00000023)
    .ARM.Collect$$libinit$$00000025          0x00000342   Section        0  libinit2.o(.ARM.Collect$$libinit$$00000025)
    .ARM.Collect$$libinit$$0000002C          0x00000342   Section        0  libinit2.o(.ARM.Collect$$libinit$$0000002C)
    .ARM.Collect$$libinit$$0000002E          0x00000342   Section        0  libinit2.o(.ARM.Collect$$libinit$$0000002E)
    .ARM.Collect$$libinit$$00000030          0x00000342   Section        0  libinit2.o(.ARM.Collect$$libinit$$00000030)
    .ARM.Collect$$libinit$$00000032          0x00000342   Section        0  libinit2.o(.ARM.Collect$$libinit$$00000032)
    .ARM.Collect$$libinit$$00000033          0x00000342   Section        2  libinit2.o(.ARM.Collect$$libinit$$00000033)
    .ARM.Collect$$libshutdown$$00000000      0x00000344   Section        2  libshutdown.o(.ARM.Collect$$libshutdown$$00000000)
    .ARM.Collect$$libshutdown$$00000002      0x00000346   Section        0  libshutdown2.o(.ARM.Collect$$libshutdown$$00000002)
    .ARM.Collect$$libshutdown$$00000004      0x00000346   Section        0  libshutdown2.o(.ARM.Collect$$libshutdown$$00000004)
    .ARM.Collect$$libshutdown$$00000006      0x00000346   Section        0  libshutdown2.o(.ARM.Collect$$libshutdown$$00000006)
    .ARM.Collect$$libshutdown$$00000009      0x00000346   Section        0  libshutdown2.o(.ARM.Collect$$libshutdown$$00000009)
    .ARM.Collect$$libshutdown$$0000000C      0x00000346   Section        0  libshutdown2.o(.ARM.Collect$$libshutdown$$0000000C)
    .ARM.Collect$$libshutdown$$0000000E      0x00000346   Section        0  libshutdown2.o(.ARM.Collect$$libshutdown$$0000000E)
    .ARM.Collect$$libshutdown$$00000011      0x00000346   Section        0  libshutdown2.o(.ARM.Collect$$libshutdown$$00000011)
    .ARM.Collect$$libshutdown$$00000012      0x00000346   Section        2  libshutdown2.o(.ARM.Collect$$libshutdown$$00000012)
    .ARM.Collect$$rtentry$$00000000          0x00000348   Section        0  __rtentry.o(.ARM.Collect$$rtentry$$00000000)
    .ARM.Collect$$rtentry$$00000002          0x00000348   Section        0  __rtentry2.o(.ARM.Collect$$rtentry$$00000002)
    .ARM.Collect$$rtentry$$00000004          0x00000348   Section        6  __rtentry4.o(.ARM.Collect$$rtentry$$00000004)
    .ARM.Collect$$rtentry$$00000009          0x0000034e   Section        0  __rtentry2.o(.ARM.Collect$$rtentry$$00000009)
    .ARM.Collect$$rtentry$$0000000A          0x0000034e   Section        4  __rtentry2.o(.ARM.Collect$$rtentry$$0000000A)
    .ARM.Collect$$rtentry$$0000000C          0x00000352   Section        0  __rtentry2.o(.ARM.Collect$$rtentry$$0000000C)
    .ARM.Collect$$rtentry$$0000000D          0x00000352   Section        8  __rtentry2.o(.ARM.Collect$$rtentry$$0000000D)
    .ARM.Collect$$rtexit$$00000000           0x0000035a   Section        2  rtexit.o(.ARM.Collect$$rtexit$$00000000)
    .ARM.Collect$$rtexit$$00000002           0x0000035c   Section        0  rtexit2.o(.ARM.Collect$$rtexit$$00000002)
    .ARM.Collect$$rtexit$$00000003           0x0000035c   Section        4  rtexit2.o(.ARM.Collect$$rtexit$$00000003)
    .ARM.Collect$$rtexit$$00000004           0x00000360   Section        6  rtexit2.o(.ARM.Collect$$rtexit$$00000004)
    .text                                    0x00000368   Section       48  startup.o(.text)
    .text                                    0x00000398   Section       60  random.o(.text)
    .text                                    0x000003d4   Section      104  lcd.o(.text)
    .text                                    0x0000043c   Section      380  print.o(.text)
    .text                                    0x000005b8   Section        0  heapauxi.o(.text)
    .text                                    0x000005be   Section       74  sys_stackheap_outer.o(.text)
    .text                                    0x00000608   Section        0  exit.o(.text)
    .text                                    0x0000061c   Section        8  libspace.o(.text)
    .text                                    0x00000624   Section        0  sys_exit.o(.text)
    .text                                    0x00000630   Section        2  use_no_semi.o(.text)
    .text                                    0x00000632   Section        0  indicate_semi.o(.text)
    i.ADC0MailFn                             0x00000634   Section        0  cattrap.o(i.ADC0MailFn)
    i.ADC0_In                                0x00000640   Section        0  adc.o(i.ADC0_In)
    i.ADC0_Init                              0x0000066c   Section        0  adc.o(i.ADC0_Init)
    i.ADC1_In                                0x0000074c   Section        0  adc.o(i.ADC1_In)
    i.ADC1_Init                              0x0000077c   Section        0  texas.o(i.ADC1_Init)
    i.Board_Change                           0x00000844   Section        0  board.o(i.Board_Change)
    i.Board_Init                             0x00000850   Section        0  board.o(i.Board_Init)
    i.Button_init                            0x00000878   Section        0  button.o(i.Button_init)
    i.CatWhere                               0x000008b8   Section        0  cattrap.o(i.CatWhere)
    i.DAC_Init                               0x00000a44   Section        0  dac.o(i.DAC_Init)
    i.DAC_Out                                0x00000a90   Section        0  dac.o(i.DAC_Out)
    i.Delay1ms                               0x00000a9c   Section        0  st7735.o(i.Delay1ms)
    i.Distance_Init                          0x00000abc   Section        0  cattrap.o(i.Distance_Init)
    i.EdgeCounter_Init                       0x00000cb4   Section        0  button.o(i.EdgeCounter_Init)
    i.EndGame                                0x00000d4c   Section        0  cattrap.o(i.EndGame)
    i.GPIOPortE_Handler                      0x00000ef4   Section        0  button.o(i.GPIOPortE_Handler)
    i.GetCatCol                              0x00000f80   Section        0  cattrap.o(i.GetCatCol)
    i.GetCatRow                              0x00000fb0   Section        0  cattrap.o(i.GetCatRow)
    i.HomeScreen                             0x00000fe0   Section        0  cattrap.o(i.HomeScreen)
    i.LogicAnalyzerA                         0x00001150   Section        0  texas.o(i.LogicAnalyzerA)
    i.LogicAnalyzerB                         0x00001168   Section        0  texas.o(i.LogicAnalyzerB)
    i.LogicAnalyzerC                         0x00001180   Section        0  texas.o(i.LogicAnalyzerC)
    i.LogicAnalyzerE                         0x00001198   Section        0  texas.o(i.LogicAnalyzerE)
    i.LogicAnalyzerF                         0x000011b0   Section        0  texas.o(i.LogicAnalyzerF)
    i.Output_Init                            0x000011c8   Section        0  st7735.o(i.Output_Init)
    i.PLL_Init                               0x000011d8   Section        0  pll.o(i.PLL_Init)
    i.PeriodicTask2_Init                     0x00001254   Section        0  texas.o(i.PeriodicTask2_Init)
    i.PortF_Init                             0x000012e8   Section        0  button.o(i.PortF_Init)
    i.Random81                               0x00001324   Section        0  cattrap.o(i.Random81)
    i.ST7735_DrawBitmap                      0x00001380   Section        0  st7735.o(i.ST7735_DrawBitmap)
    i.ST7735_DrawCharS                       0x000014a0   Section        0  st7735.o(i.ST7735_DrawCharS)
    i.ST7735_DrawPixel                       0x00001598   Section        0  st7735.o(i.ST7735_DrawPixel)
    i.ST7735_DrawString                      0x000015e0   Section        0  st7735.o(i.ST7735_DrawString)
    i.ST7735_FillRect                        0x00001634   Section        0  st7735.o(i.ST7735_FillRect)
    i.ST7735_FillScreen                      0x000016e0   Section        0  st7735.o(i.ST7735_FillScreen)
    i.ST7735_InitR                           0x00001704   Section        0  st7735.o(i.ST7735_InitR)
    i.ST7735_OutChar                         0x00001780   Section        0  st7735.o(i.ST7735_OutChar)
    i.ST7735_OutString                       0x00001854   Section        0  st7735.o(i.ST7735_OutString)
    i.ST7735_SetCursor                       0x0000186c   Section        0  st7735.o(i.ST7735_SetCursor)
    i.ST7735_SetRotation                     0x0000188c   Section        0  st7735.o(i.ST7735_SetRotation)
    i.Scope                                  0x00001960   Section        0  texas.o(i.Scope)
    i.Sound_Init                             0x00001974   Section        0  sound.o(i.Sound_Init)
    i.Sound_Start                            0x00001998   Section        0  sound.o(i.Sound_Start)
    i.SysTick_Handler                        0x000019ac   Section        0  sound.o(i.SysTick_Handler)
    i.TExaS_Init                             0x00001a78   Section        0  texas.o(i.TExaS_Init)
    i.Timer0A_Handler                        0x00001b70   Section        0  cattrap.o(i.Timer0A_Handler)
    i.Timer0_Init                            0x00001cc8   Section        0  timer0.o(i.Timer0_Init)
    i.Timer1A_Handler                        0x00001d28   Section        0  cattrap.o(i.Timer1A_Handler)
    i.Timer1_Init                            0x00001d88   Section        0  timer1.o(i.Timer1_Init)
    i.Timer5A_Handler                        0x00001df4   Section        0  texas.o(i.Timer5A_Handler)
    i.UART0_Init                             0x00001e0c   Section        0  texas.o(i.UART0_Init)
    i.checkADC0                              0x00001e94   Section        0  cattrap.o(i.checkADC0)
    i.checkADC1                              0x00001f64   Section        0  cattrap.o(i.checkADC1)
    i.commandList                            0x00002034   Section        0  st7735.o(i.commandList)
    commandList                              0x00002035   Thumb Code    86  st7735.o(i.commandList)
    i.commonInit                             0x0000208c   Section        0  st7735.o(i.commonInit)
    commonInit                               0x0000208d   Thumb Code   342  st7735.o(i.commonInit)
    i.homeStatus                             0x00002214   Section        0  button.o(i.homeStatus)
    i.main                                   0x00002220   Section        0  cattrap.o(i.main)
    i.makeBlack                              0x0000253c   Section        0  slicer.o(i.makeBlack)
    i.moveCat                                0x00002574   Section        0  cattrap.o(i.moveCat)
    i.pushColor                              0x000026a0   Section        0  st7735.o(i.pushColor)
    pushColor                                0x000026a1   Thumb Code    18  st7735.o(i.pushColor)
    i.selector                               0x000026b4   Section        0  cattrap.o(i.selector)
    i.setAddrWindow                          0x00002874   Section        0  st7735.o(i.setAddrWindow)
    setAddrWindow                            0x00002875   Thumb Code   106  st7735.o(i.setAddrWindow)
    .constdata                               0x000028e8   Section    155563  sound.o(.constdata)
    .constdata                               0x00028894   Section     2114  st7735.o(.constdata)
    Font                                     0x00028894   Data        1275  st7735.o(.constdata)
    Bcmd                                     0x00028d8f   Data         103  st7735.o(.constdata)
    Rcmd1                                    0x00028df6   Data          59  st7735.o(.constdata)
    Rcmd2green                               0x00028e31   Data          13  st7735.o(.constdata)
    Rcmd2red                                 0x00028e3e   Data          13  st7735.o(.constdata)
    Rcmd3                                    0x00028e4b   Data          43  st7735.o(.constdata)
    .constdata                               0x000290d8   Section     1800  cattrap.o(.constdata)
    .data                                    0x20000000   Section       13  sound.o(.data)
    .data                                    0x20000010   Section       44  st7735.o(.data)
    ColStart                                 0x2000001a   Data           1  st7735.o(.data)
    RowStart                                 0x2000001b   Data           1  st7735.o(.data)
    Rotation                                 0x2000001c   Data           1  st7735.o(.data)
    TabColor                                 0x2000001d   Data           1  st7735.o(.data)
    _width                                   0x2000001e   Data           2  st7735.o(.data)
    _height                                  0x20000020   Data           2  st7735.o(.data)
    .data                                    0x2000003c   Section        4  texas.o(.data)
    .data                                    0x20000040   Section        3  button.o(.data)
    .data                                    0x20000044   Section    27100  cattrap.o(.data)
    DATA                                     0x20006a20   Section        4  random.o(DATA)
    M                                        0x20006a20   Data           4  random.o(DATA)
    .bss                                     0x20006a24   Section      128  cattrap.o(.bss)
    .bss                                     0x20006aa4   Section       96  libspace.o(.bss)
    HEAP                                     0x20006b08   Section        0  startup.o(HEAP)
    STACK                                    0x20006b08   Section     1024  startup.o(STACK)
    HeapMem                                  0x20006b08   Data           0  startup.o(HEAP)
    StackMem                                 0x20006b08   Data           0  startup.o(STACK)

    Global Symbols

    Symbol Name                              Value     Ov Type        Size  Object(Section)

    BuildAttributes$$THM_ISAv4$E$P$D$K$B$S$7EM$PE$A:L22UL41UL21$X:L11$S22US41US21$IEEE1$IW$USESV6$~STKCKD$USESV7$~SHL$OSPACE$ROPI$EBA8$UX$STANDARDLIB$REQ8$PRES8$EABIv2 0x00000000   Number         0  anon$$obj.o ABSOLUTE
    __ARM_use_no_argv                        0x00000000   Number         0  cattrap.o ABSOLUTE
    __Vectors                                0x00000000   Data           0  startup.o(RESET)
    __ARM_exceptions_init                     - Undefined Weak Reference
    __alloca_initialize                       - Undefined Weak Reference
    __arm_fini_                               - Undefined Weak Reference
    __arm_preinit_                            - Undefined Weak Reference
    __cpp_initialize__aeabi_                  - Undefined Weak Reference
    __cxa_finalize                            - Undefined Weak Reference
    __rt_locale                               - Undefined Weak Reference
    __sigvec_lookup                           - Undefined Weak Reference
    _atexit_init                              - Undefined Weak Reference
    _call_atexit_fns                          - Undefined Weak Reference
    _clock_init                               - Undefined Weak Reference
    _fp_trap_init                             - Undefined Weak Reference
    _fp_trap_shutdown                         - Undefined Weak Reference
    _get_lc_collate                           - Undefined Weak Reference
    _get_lc_ctype                             - Undefined Weak Reference
    _get_lc_monetary                          - Undefined Weak Reference
    _get_lc_numeric                           - Undefined Weak Reference
    _get_lc_time                              - Undefined Weak Reference
    _getenv_init                              - Undefined Weak Reference
    _handle_redirection                       - Undefined Weak Reference
    _init_alloc                               - Undefined Weak Reference
    _init_user_alloc                          - Undefined Weak Reference
    _initio                                   - Undefined Weak Reference
    _rand_init                                - Undefined Weak Reference
    _signal_finish                            - Undefined Weak Reference
    _signal_init                              - Undefined Weak Reference
    _terminate_alloc                          - Undefined Weak Reference
    _terminate_user_alloc                     - Undefined Weak Reference
    _terminateio                              - Undefined Weak Reference
    Reset_Handler                            0x0000026d   Thumb Code     0  startup.o(RESET)
    NMI_Handler                              0x00000271   Thumb Code     2  startup.o(RESET)
    HardFault_Handler                        0x00000273   Thumb Code     2  startup.o(RESET)
    MemManage_Handler                        0x00000275   Thumb Code     2  startup.o(RESET)
    BusFault_Handler                         0x00000277   Thumb Code     2  startup.o(RESET)
    UsageFault_Handler                       0x00000279   Thumb Code     2  startup.o(RESET)
    SVC_Handler                              0x0000027b   Thumb Code     2  startup.o(RESET)
    DebugMon_Handler                         0x0000027d   Thumb Code     2  startup.o(RESET)
    PendSV_Handler                           0x0000027f   Thumb Code     2  startup.o(RESET)
    ADC0Seq0_Handler                         0x00000283   Thumb Code     0  startup.o(RESET)
    ADC0Seq1_Handler                         0x00000283   Thumb Code     0  startup.o(RESET)
    ADC0Seq2_Handler                         0x00000283   Thumb Code     0  startup.o(RESET)
    ADC0Seq3_Handler                         0x00000283   Thumb Code     0  startup.o(RESET)
    ADC1Seq0_Handler                         0x00000283   Thumb Code     0  startup.o(RESET)
    ADC1Seq1_Handler                         0x00000283   Thumb Code     0  startup.o(RESET)
    ADC1Seq2_Handler                         0x00000283   Thumb Code     0  startup.o(RESET)
    ADC1Seq3_Handler                         0x00000283   Thumb Code     0  startup.o(RESET)
    CAN0_Handler                             0x00000283   Thumb Code     0  startup.o(RESET)
    CAN1_Handler                             0x00000283   Thumb Code     0  startup.o(RESET)
    CAN2_Handler                             0x00000283   Thumb Code     0  startup.o(RESET)
    Comp0_Handler                            0x00000283   Thumb Code     0  startup.o(RESET)
    Comp1_Handler                            0x00000283   Thumb Code     0  startup.o(RESET)
    Comp2_Handler                            0x00000283   Thumb Code     0  startup.o(RESET)
    Ethernet_Handler                         0x00000283   Thumb Code     0  startup.o(RESET)
    ExtBus_Handler                           0x00000283   Thumb Code     0  startup.o(RESET)
    FPU_Handler                              0x00000283   Thumb Code     0  startup.o(RESET)
    Fan0_Handler                             0x00000283   Thumb Code     0  startup.o(RESET)
    FlashCtl_Handler                         0x00000283   Thumb Code     0  startup.o(RESET)
    GPIOPortA_Handler                        0x00000283   Thumb Code     0  startup.o(RESET)
    GPIOPortB_Handler                        0x00000283   Thumb Code     0  startup.o(RESET)
    GPIOPortC_Handler                        0x00000283   Thumb Code     0  startup.o(RESET)
    GPIOPortD_Handler                        0x00000283   Thumb Code     0  startup.o(RESET)
    GPIOPortF_Handler                        0x00000283   Thumb Code     0  startup.o(RESET)
    GPIOPortG_Handler                        0x00000283   Thumb Code     0  startup.o(RESET)
    GPIOPortH_Handler                        0x00000283   Thumb Code     0  startup.o(RESET)
    GPIOPortJ_Handler                        0x00000283   Thumb Code     0  startup.o(RESET)
    GPIOPortK_Handler                        0x00000283   Thumb Code     0  startup.o(RESET)
    GPIOPortL_Handler                        0x00000283   Thumb Code     0  startup.o(RESET)
    GPIOPortM_Handler                        0x00000283   Thumb Code     0  startup.o(RESET)
    GPIOPortN_Handler                        0x00000283   Thumb Code     0  startup.o(RESET)
    GPIOPortP1_Handler                       0x00000283   Thumb Code     0  startup.o(RESET)
    GPIOPortP2_Handler                       0x00000283   Thumb Code     0  startup.o(RESET)
    GPIOPortP3_Handler                       0x00000283   Thumb Code     0  startup.o(RESET)
    GPIOPortP4_Handler                       0x00000283   Thumb Code     0  startup.o(RESET)
    GPIOPortP5_Handler                       0x00000283   Thumb Code     0  startup.o(RESET)
    GPIOPortP6_Handler                       0x00000283   Thumb Code     0  startup.o(RESET)
    GPIOPortP7_Handler                       0x00000283   Thumb Code     0  startup.o(RESET)
    GPIOPortP_Handler                        0x00000283   Thumb Code     0  startup.o(RESET)
    GPIOPortQ1_Handler                       0x00000283   Thumb Code     0  startup.o(RESET)
    GPIOPortQ2_Handler                       0x00000283   Thumb Code     0  startup.o(RESET)
    GPIOPortQ3_Handler                       0x00000283   Thumb Code     0  startup.o(RESET)
    GPIOPortQ4_Handler                       0x00000283   Thumb Code     0  startup.o(RESET)
    GPIOPortQ5_Handler                       0x00000283   Thumb Code     0  startup.o(RESET)
    GPIOPortQ6_Handler                       0x00000283   Thumb Code     0  startup.o(RESET)
    GPIOPortQ7_Handler                       0x00000283   Thumb Code     0  startup.o(RESET)
    GPIOPortQ_Handler                        0x00000283   Thumb Code     0  startup.o(RESET)
    GPIOPortR_Handler                        0x00000283   Thumb Code     0  startup.o(RESET)
    GPIOPortS_Handler                        0x00000283   Thumb Code     0  startup.o(RESET)
    Hibernate_Handler                        0x00000283   Thumb Code     0  startup.o(RESET)
    I2C0_Handler                             0x00000283   Thumb Code     0  startup.o(RESET)
    I2C1_Handler                             0x00000283   Thumb Code     0  startup.o(RESET)
    I2C2_Handler                             0x00000283   Thumb Code     0  startup.o(RESET)
    I2C3_Handler                             0x00000283   Thumb Code     0  startup.o(RESET)
    I2C4_Handler                             0x00000283   Thumb Code     0  startup.o(RESET)
    I2C5_Handler                             0x00000283   Thumb Code     0  startup.o(RESET)
    I2S0_Handler                             0x00000283   Thumb Code     0  startup.o(RESET)
    LPC0_Handler                             0x00000283   Thumb Code     0  startup.o(RESET)
    PECI0_Handler                            0x00000283   Thumb Code     0  startup.o(RESET)
    PWM0Fault_Handler                        0x00000283   Thumb Code     0  startup.o(RESET)
    PWM0Generator0_Handler                   0x00000283   Thumb Code     0  startup.o(RESET)
    PWM0Generator1_Handler                   0x00000283   Thumb Code     0  startup.o(RESET)
    PWM0Generator2_Handler                   0x00000283   Thumb Code     0  startup.o(RESET)
    PWM0Generator3_Handler                   0x00000283   Thumb Code     0  startup.o(RESET)
    PWM1Fault_Handler                        0x00000283   Thumb Code     0  startup.o(RESET)
    PWM1Generator0_Handler                   0x00000283   Thumb Code     0  startup.o(RESET)
    PWM1Generator1_Handler                   0x00000283   Thumb Code     0  startup.o(RESET)
    PWM1Generator2_Handler                   0x00000283   Thumb Code     0  startup.o(RESET)
    PWM1Generator3_Handler                   0x00000283   Thumb Code     0  startup.o(RESET)
    Quadrature0_Handler                      0x00000283   Thumb Code     0  startup.o(RESET)
    Quadrature1_Handler                      0x00000283   Thumb Code     0  startup.o(RESET)
    Quadrature2_Handler                      0x00000283   Thumb Code     0  startup.o(RESET)
    SSI0_Handler                             0x00000283   Thumb Code     0  startup.o(RESET)
    SSI1_Handler                             0x00000283   Thumb Code     0  startup.o(RESET)
    SSI2_Handler                             0x00000283   Thumb Code     0  startup.o(RESET)
    SSI3_Handler                             0x00000283   Thumb Code     0  startup.o(RESET)
    SysCtl_Handler                           0x00000283   Thumb Code     0  startup.o(RESET)
    Timer0B_Handler                          0x00000283   Thumb Code     0  startup.o(RESET)
    Timer1B_Handler                          0x00000283   Thumb Code     0  startup.o(RESET)
    Timer2A_Handler                          0x00000283   Thumb Code     0  startup.o(RESET)
    Timer2B_Handler                          0x00000283   Thumb Code     0  startup.o(RESET)
    Timer3A_Handler                          0x00000283   Thumb Code     0  startup.o(RESET)
    Timer3B_Handler                          0x00000283   Thumb Code     0  startup.o(RESET)
    Timer4A_Handler                          0x00000283   Thumb Code     0  startup.o(RESET)
    Timer4B_Handler                          0x00000283   Thumb Code     0  startup.o(RESET)
    Timer5B_Handler                          0x00000283   Thumb Code     0  startup.o(RESET)
    UART0_Handler                            0x00000283   Thumb Code     0  startup.o(RESET)
    UART1_Handler                            0x00000283   Thumb Code     0  startup.o(RESET)
    UART2_Handler                            0x00000283   Thumb Code     0  startup.o(RESET)
    UART3_Handler                            0x00000283   Thumb Code     0  startup.o(RESET)
    UART4_Handler                            0x00000283   Thumb Code     0  startup.o(RESET)
    UART5_Handler                            0x00000283   Thumb Code     0  startup.o(RESET)
    UART6_Handler                            0x00000283   Thumb Code     0  startup.o(RESET)
    UART7_Handler                            0x00000283   Thumb Code     0  startup.o(RESET)
    USB0_Handler                             0x00000283   Thumb Code     0  startup.o(RESET)
    WDT_Handler                              0x00000283   Thumb Code     0  startup.o(RESET)
    WideTimer0A_Handler                      0x00000283   Thumb Code     0  startup.o(RESET)
    WideTimer0B_Handler                      0x00000283   Thumb Code     0  startup.o(RESET)
    WideTimer1A_Handler                      0x00000283   Thumb Code     0  startup.o(RESET)
    WideTimer1B_Handler                      0x00000283   Thumb Code     0  startup.o(RESET)
    WideTimer2A_Handler                      0x00000283   Thumb Code     0  startup.o(RESET)
    WideTimer2B_Handler                      0x00000283   Thumb Code     0  startup.o(RESET)
    WideTimer3A_Handler                      0x00000283   Thumb Code     0  startup.o(RESET)
    WideTimer3B_Handler                      0x00000283   Thumb Code     0  startup.o(RESET)
    WideTimer4A_Handler                      0x00000283   Thumb Code     0  startup.o(RESET)
    WideTimer4B_Handler                      0x00000283   Thumb Code     0  startup.o(RESET)
    WideTimer5A_Handler                      0x00000283   Thumb Code     0  startup.o(RESET)
    WideTimer5B_Handler                      0x00000283   Thumb Code     0  startup.o(RESET)
    uDMA_Error                               0x00000283   Thumb Code     0  startup.o(RESET)
    uDMA_Handler                             0x00000283   Thumb Code     0  startup.o(RESET)
    __main                                   0x00000285   Thumb Code     8  __main.o(!!!main)
    __scatterload                            0x0000028d   Thumb Code     0  __scatter.o(!!!scatter)
    __scatterload_rt2                        0x0000028d   Thumb Code    44  __scatter.o(!!!scatter)
    __scatterload_rt2_thumb_only             0x0000028d   Thumb Code     0  __scatter.o(!!!scatter)
    __scatterload_null                       0x0000029b   Thumb Code     0  __scatter.o(!!!scatter)
    __decompress                             0x000002c1   Thumb Code   100  __dclz77c.o(!!dclz77c)
    __decompress2                            0x000002c1   Thumb Code     0  __dclz77c.o(!!dclz77c)
    __scatterload_zeroinit                   0x00000325   Thumb Code    28  __scatter_zi.o(!!handler_zi)
    __rt_lib_init                            0x00000341   Thumb Code     0  libinit.o(.ARM.Collect$$libinit$$00000000)
    __rt_lib_init_alloca_1                   0x00000343   Thumb Code     0  libinit2.o(.ARM.Collect$$libinit$$0000002E)
    __rt_lib_init_argv_1                     0x00000343   Thumb Code     0  libinit2.o(.ARM.Collect$$libinit$$0000002C)
    __rt_lib_init_atexit_1                   0x00000343   Thumb Code     0  libinit2.o(.ARM.Collect$$libinit$$0000001B)
    __rt_lib_init_clock_1                    0x00000343   Thumb Code     0  libinit2.o(.ARM.Collect$$libinit$$00000021)
    __rt_lib_init_cpp_1                      0x00000343   Thumb Code     0  libinit2.o(.ARM.Collect$$libinit$$00000032)
    __rt_lib_init_exceptions_1               0x00000343   Thumb Code     0  libinit2.o(.ARM.Collect$$libinit$$00000030)
    __rt_lib_init_fp_1                       0x00000343   Thumb Code     0  libinit2.o(.ARM.Collect$$libinit$$00000002)
    __rt_lib_init_fp_trap_1                  0x00000343   Thumb Code     0  libinit2.o(.ARM.Collect$$libinit$$0000001F)
    __rt_lib_init_getenv_1                   0x00000343   Thumb Code     0  libinit2.o(.ARM.Collect$$libinit$$00000023)
    __rt_lib_init_heap_1                     0x00000343   Thumb Code     0  libinit2.o(.ARM.Collect$$libinit$$0000000A)
    __rt_lib_init_lc_collate_1               0x00000343   Thumb Code     0  libinit2.o(.ARM.Collect$$libinit$$00000011)
    __rt_lib_init_lc_ctype_1                 0x00000343   Thumb Code     0  libinit2.o(.ARM.Collect$$libinit$$00000013)
    __rt_lib_init_lc_monetary_1              0x00000343   Thumb Code     0  libinit2.o(.ARM.Collect$$libinit$$00000015)
    __rt_lib_init_lc_numeric_1               0x00000343   Thumb Code     0  libinit2.o(.ARM.Collect$$libinit$$00000017)
    __rt_lib_init_lc_time_1                  0x00000343   Thumb Code     0  libinit2.o(.ARM.Collect$$libinit$$00000019)
    __rt_lib_init_preinit_1                  0x00000343   Thumb Code     0  libinit2.o(.ARM.Collect$$libinit$$00000004)
    __rt_lib_init_rand_1                     0x00000343   Thumb Code     0  libinit2.o(.ARM.Collect$$libinit$$0000000E)
    __rt_lib_init_return                     0x00000343   Thumb Code     0  libinit2.o(.ARM.Collect$$libinit$$00000033)
    __rt_lib_init_signal_1                   0x00000343   Thumb Code     0  libinit2.o(.ARM.Collect$$libinit$$0000001D)
    __rt_lib_init_stdio_1                    0x00000343   Thumb Code     0  libinit2.o(.ARM.Collect$$libinit$$00000025)
    __rt_lib_init_user_alloc_1               0x00000343   Thumb Code     0  libinit2.o(.ARM.Collect$$libinit$$0000000C)
    __rt_lib_shutdown                        0x00000345   Thumb Code     0  libshutdown.o(.ARM.Collect$$libshutdown$$00000000)
    __rt_lib_shutdown_cpp_1                  0x00000347   Thumb Code     0  libshutdown2.o(.ARM.Collect$$libshutdown$$00000004)
    __rt_lib_shutdown_fini_1                 0x00000347   Thumb Code     0  libshutdown2.o(.ARM.Collect$$libshutdown$$00000002)
    __rt_lib_shutdown_fp_trap_1              0x00000347   Thumb Code     0  libshutdown2.o(.ARM.Collect$$libshutdown$$00000009)
    __rt_lib_shutdown_heap_1                 0x00000347   Thumb Code     0  libshutdown2.o(.ARM.Collect$$libshutdown$$00000011)
    __rt_lib_shutdown_return                 0x00000347   Thumb Code     0  libshutdown2.o(.ARM.Collect$$libshutdown$$00000012)
    __rt_lib_shutdown_signal_1               0x00000347   Thumb Code     0  libshutdown2.o(.ARM.Collect$$libshutdown$$0000000C)
    __rt_lib_shutdown_stdio_1                0x00000347   Thumb Code     0  libshutdown2.o(.ARM.Collect$$libshutdown$$00000006)
    __rt_lib_shutdown_user_alloc_1           0x00000347   Thumb Code     0  libshutdown2.o(.ARM.Collect$$libshutdown$$0000000E)
    __rt_entry                               0x00000349   Thumb Code     0  __rtentry.o(.ARM.Collect$$rtentry$$00000000)
    __rt_entry_presh_1                       0x00000349   Thumb Code     0  __rtentry2.o(.ARM.Collect$$rtentry$$00000002)
    __rt_entry_sh                            0x00000349   Thumb Code     0  __rtentry4.o(.ARM.Collect$$rtentry$$00000004)
    __rt_entry_li                            0x0000034f   Thumb Code     0  __rtentry2.o(.ARM.Collect$$rtentry$$0000000A)
    __rt_entry_postsh_1                      0x0000034f   Thumb Code     0  __rtentry2.o(.ARM.Collect$$rtentry$$00000009)
    __rt_entry_main                          0x00000353   Thumb Code     0  __rtentry2.o(.ARM.Collect$$rtentry$$0000000D)
    __rt_entry_postli_1                      0x00000353   Thumb Code     0  __rtentry2.o(.ARM.Collect$$rtentry$$0000000C)
    __rt_exit                                0x0000035b   Thumb Code     0  rtexit.o(.ARM.Collect$$rtexit$$00000000)
    __rt_exit_ls                             0x0000035d   Thumb Code     0  rtexit2.o(.ARM.Collect$$rtexit$$00000003)
    __rt_exit_prels_1                        0x0000035d   Thumb Code     0  rtexit2.o(.ARM.Collect$$rtexit$$00000002)
    __rt_exit_exit                           0x00000361   Thumb Code     0  rtexit2.o(.ARM.Collect$$rtexit$$00000004)
    DisableInterrupts                        0x00000369   Thumb Code     0  startup.o(.text)
    EnableInterrupts                         0x0000036d   Thumb Code     0  startup.o(.text)
    StartCritical                            0x00000371   Thumb Code     0  startup.o(.text)
    EndCritical                              0x00000379   Thumb Code     0  startup.o(.text)
    WaitForInterrupt                         0x0000037f   Thumb Code     0  startup.o(.text)
    __user_initial_stackheap                 0x00000383   Thumb Code     0  startup.o(.text)
    Random_Init                              0x00000399   Thumb Code     0  random.o(.text)
    Random32                                 0x0000039f   Thumb Code     2  random.o(.text)
    Random                                   0x000003b1   Thumb Code     2  random.o(.text)
    writecommand                             0x000003d5   Thumb Code     0  lcd.o(.text)
    writedata                                0x00000407   Thumb Code     0  lcd.o(.text)
    LCD_OutDec                               0x0000043d   Thumb Code     0  print.o(.text)
    LCD_OutFix                               0x000004b5   Thumb Code     0  print.o(.text)
    __use_two_region_memory                  0x000005b9   Thumb Code     2  heapauxi.o(.text)
    __rt_heap_escrow$2region                 0x000005bb   Thumb Code     2  heapauxi.o(.text)
    __rt_heap_expand$2region                 0x000005bd   Thumb Code     2  heapauxi.o(.text)
    __user_setup_stackheap                   0x000005bf   Thumb Code    74  sys_stackheap_outer.o(.text)
    exit                                     0x00000609   Thumb Code    18  exit.o(.text)
    __user_libspace                          0x0000061d   Thumb Code     8  libspace.o(.text)
    __user_perproc_libspace                  0x0000061d   Thumb Code     0  libspace.o(.text)
    __user_perthread_libspace                0x0000061d   Thumb Code     0  libspace.o(.text)
    _sys_exit                                0x00000625   Thumb Code     8  sys_exit.o(.text)
    __I$use$semihosting                      0x00000631   Thumb Code     0  use_no_semi.o(.text)
    __use_no_semihosting_swi                 0x00000631   Thumb Code     2  use_no_semi.o(.text)
    __semihosting_library_function           0x00000633   Thumb Code     0  indicate_semi.o(.text)
    ADC0MailFn                               0x00000635   Thumb Code     6  cattrap.o(i.ADC0MailFn)
    ADC0_In                                  0x00000641   Thumb Code    38  adc.o(i.ADC0_In)
    ADC0_Init                                0x0000066d   Thumb Code   204  adc.o(i.ADC0_Init)
    ADC1_In                                  0x0000074d   Thumb Code    38  adc.o(i.ADC1_In)
    ADC1_Init                                0x0000077d   Thumb Code   176  texas.o(i.ADC1_Init)
    Board_Change                             0x00000845   Thumb Code    12  board.o(i.Board_Change)
    Board_Init                               0x00000851   Thumb Code    40  board.o(i.Board_Init)
    Button_init                              0x00000879   Thumb Code    52  button.o(i.Button_init)
    CatWhere                                 0x000008b9   Thumb Code   374  cattrap.o(i.CatWhere)
    DAC_Init                                 0x00000a45   Thumb Code    62  dac.o(i.DAC_Init)
    DAC_Out                                  0x00000a91   Thumb Code     6  dac.o(i.DAC_Out)
    Delay1ms                                 0x00000a9d   Thumb Code    32  st7735.o(i.Delay1ms)
    Distance_Init                            0x00000abd   Thumb Code   482  cattrap.o(i.Distance_Init)
    EdgeCounter_Init                         0x00000cb5   Thumb Code   130  button.o(i.EdgeCounter_Init)
    EndGame                                  0x00000d4d   Thumb Code   290  cattrap.o(i.EndGame)
    GPIOPortE_Handler                        0x00000ef5   Thumb Code   122  button.o(i.GPIOPortE_Handler)
    GetCatCol                                0x00000f81   Thumb Code    42  cattrap.o(i.GetCatCol)
    GetCatRow                                0x00000fb1   Thumb Code    42  cattrap.o(i.GetCatRow)
    HomeScreen                               0x00000fe1   Thumb Code   332  cattrap.o(i.HomeScreen)
    LogicAnalyzerA                           0x00001151   Thumb Code    16  texas.o(i.LogicAnalyzerA)
    LogicAnalyzerB                           0x00001169   Thumb Code    14  texas.o(i.LogicAnalyzerB)
    LogicAnalyzerC                           0x00001181   Thumb Code    16  texas.o(i.LogicAnalyzerC)
    LogicAnalyzerE                           0x00001199   Thumb Code    14  texas.o(i.LogicAnalyzerE)
    LogicAnalyzerF                           0x000011b1   Thumb Code    14  texas.o(i.LogicAnalyzerF)
    Output_Init                              0x000011c9   Thumb Code    16  st7735.o(i.Output_Init)
    PLL_Init                                 0x000011d9   Thumb Code   120  pll.o(i.PLL_Init)
    PeriodicTask2_Init                       0x00001255   Thumb Code   128  texas.o(i.PeriodicTask2_Init)
    PortF_Init                               0x000012e9   Thumb Code    46  button.o(i.PortF_Init)
    Random81                                 0x00001325   Thumb Code    90  cattrap.o(i.Random81)
    ST7735_DrawBitmap                        0x00001381   Thumb Code   280  st7735.o(i.ST7735_DrawBitmap)
    ST7735_DrawCharS                         0x000014a1   Thumb Code   236  st7735.o(i.ST7735_DrawCharS)
    ST7735_DrawPixel                         0x00001599   Thumb Code    64  st7735.o(i.ST7735_DrawPixel)
    ST7735_DrawString                        0x000015e1   Thumb Code    84  st7735.o(i.ST7735_DrawString)
    ST7735_FillRect                          0x00001635   Thumb Code   164  st7735.o(i.ST7735_FillRect)
    ST7735_FillScreen                        0x000016e1   Thumb Code    28  st7735.o(i.ST7735_FillScreen)
    ST7735_InitR                             0x00001705   Thumb Code    90  st7735.o(i.ST7735_InitR)
    ST7735_OutChar                           0x00001781   Thumb Code   176  st7735.o(i.ST7735_OutChar)
    ST7735_OutString                         0x00001855   Thumb Code    22  st7735.o(i.ST7735_OutString)
    ST7735_SetCursor                         0x0000186d   Thumb Code    22  st7735.o(i.ST7735_SetCursor)
    ST7735_SetRotation                       0x0000188d   Thumb Code   196  st7735.o(i.ST7735_SetRotation)
    Scope                                    0x00001961   Thumb Code    12  texas.o(i.Scope)
    Sound_Init                               0x00001975   Thumb Code    32  sound.o(i.Sound_Init)
    Sound_Start                              0x00001999   Thumb Code    18  sound.o(i.Sound_Start)
    SysTick_Handler                          0x000019ad   Thumb Code   170  sound.o(i.SysTick_Handler)
    TExaS_Init                               0x00001a79   Thumb Code   214  texas.o(i.TExaS_Init)
    Timer0A_Handler                          0x00001b71   Thumb Code   298  cattrap.o(i.Timer0A_Handler)
    Timer0_Init                              0x00001cc9   Thumb Code    78  timer0.o(i.Timer0_Init)
    Timer1A_Handler                          0x00001d29   Thumb Code    70  cattrap.o(i.Timer1A_Handler)
    Timer1_Init                              0x00001d89   Thumb Code    92  timer1.o(i.Timer1_Init)
    Timer5A_Handler                          0x00001df5   Thumb Code    16  texas.o(i.Timer5A_Handler)
    UART0_Init                               0x00001e0d   Thumb Code   118  texas.o(i.UART0_Init)
    checkADC0                                0x00001e95   Thumb Code   202  cattrap.o(i.checkADC0)
    checkADC1                                0x00001f65   Thumb Code   202  cattrap.o(i.checkADC1)
    homeStatus                               0x00002215   Thumb Code     6  button.o(i.homeStatus)
    main                                     0x00002221   Thumb Code   660  cattrap.o(i.main)
    makeBlack                                0x0000253d   Thumb Code    56  slicer.o(i.makeBlack)
    moveCat                                  0x00002575   Thumb Code   288  cattrap.o(i.moveCat)
    selector                                 0x000026b5   Thumb Code   406  cattrap.o(i.selector)
    CatSong                                  0x000028e8   Data       70338  sound.o(.constdata)
    LOSE                                     0x00013baa   Data       38204  sound.o(.constdata)
    WIN                                      0x0001d0e6   Data       47021  sound.o(.constdata)
    smallCircle                              0x00028e76   Data          36  st7735.o(.constdata)
    circle                                   0x00028e9a   Data          60  st7735.o(.constdata)
    dBfs                                     0x00028ed6   Data         512  st7735.o(.constdata)
    Pointer                                  0x000290d8   Data         352  cattrap.o(.constdata)
    blackPointerSquare                       0x00029238   Data         352  cattrap.o(.constdata)
    YellowSquare                             0x00029398   Data         200  cattrap.o(.constdata)
    GreySquare                               0x00029460   Data         200  cattrap.o(.constdata)
    BlueSquare                               0x00029528   Data         200  cattrap.o(.constdata)
    catdown                                  0x000295f0   Data         392  cattrap.o(.constdata)
    Hello_English                            0x00029778   Data           6  cattrap.o(.constdata)
    Hello_Spanish                            0x0002977e   Data           7  cattrap.o(.constdata)
    Hello_Portuguese                         0x00029785   Data           4  cattrap.o(.constdata)
    Hello_French                             0x00029789   Data           5  cattrap.o(.constdata)
    Goodbye_English                          0x0002978e   Data           8  cattrap.o(.constdata)
    Goodbye_Spanish                          0x00029796   Data           6  cattrap.o(.constdata)
    Goodbye_Portuguese                       0x0002979c   Data           6  cattrap.o(.constdata)
    Goodbye_French                           0x000297a2   Data          10  cattrap.o(.constdata)
    Language_English                         0x000297ac   Data           8  cattrap.o(.constdata)
    Language_Spanish                         0x000297b4   Data           8  cattrap.o(.constdata)
    Language_Portuguese                      0x000297bc   Data          10  cattrap.o(.constdata)
    Language_French                          0x000297c6   Data           9  cattrap.o(.constdata)
    Region$$Table$$Base                      0x000297e0   Number         0  anon$$obj.o(Region$$Table)
    Region$$Table$$Limit                     0x00029800   Number         0  anon$$obj.o(Region$$Table)
    musicSelect                              0x20000000   Data           1  sound.o(.data)
    idx                                      0x20000004   Data           4  sound.o(.data)
    idx2                                     0x20000008   Data           4  sound.o(.data)
    musicFlag                                0x2000000c   Data           1  sound.o(.data)
    StX                                      0x20000010   Data           4  st7735.o(.data)
    StY                                      0x20000014   Data           4  st7735.o(.data)
    StTextColor                              0x20000018   Data           2  st7735.o(.data)
    Messageindex                             0x20000024   Data           4  st7735.o(.data)
    Ymax                                     0x20000028   Data           4  st7735.o(.data)
    Ymin                                     0x2000002c   Data           4  st7735.o(.data)
    X                                        0x20000030   Data           4  st7735.o(.data)
    Yrange                                   0x20000034   Data           4  st7735.o(.data)
    lastj                                    0x20000038   Data           4  st7735.o(.data)
    PeriodicTask2                            0x2000003c   Data           4  texas.o(.data)
    homeScreenStatus                         0x20000040   Data           1  button.o(.data)
    printBlueFlag                            0x20000041   Data           1  button.o(.data)
    resetFlag                                0x20000042   Data           1  button.o(.data)
    CatTrap                                  0x20000044   Data        3880  cattrap.o(.data)
    EnglishTrapped                           0x20000f6c   Data        7000  cattrap.o(.data)
    SpanishTrapped                           0x20002ac4   Data        7000  cattrap.o(.data)
    SpanishEscaped                           0x2000461c   Data        4800  cattrap.o(.data)
    EnglishEscaped                           0x200058dc   Data        4320  cattrap.o(.data)
    ADC0Status                               0x200069bc   Data           4  cattrap.o(.data)
    ADC0Mail                                 0x200069c0   Data           4  cattrap.o(.data)
    ADC1Status                               0x200069c4   Data           4  cattrap.o(.data)
    ADC1Mail                                 0x200069c8   Data           4  cattrap.o(.data)
    selectedX                                0x200069cc   Data           1  cattrap.o(.data)
    selectedY                                0x200069cd   Data           1  cattrap.o(.data)
    firstFlag                                0x200069ce   Data           1  cattrap.o(.data)
    previousX                                0x200069cf   Data           1  cattrap.o(.data)
    previousY                                0x200069d0   Data           1  cattrap.o(.data)
    gameFlag                                 0x200069d1   Data           1  cattrap.o(.data)
    xMail                                    0x200069d2   Data           2  cattrap.o(.data)
    yMail                                    0x200069d4   Data           2  cattrap.o(.data)
    limit                                    0x200069d6   Data           1  cattrap.o(.data)
    SquareCounter                            0x200069d7   Data           1  cattrap.o(.data)
    squareFlag                               0x200069d8   Data           1  cattrap.o(.data)
    Distance                                 0x200069d9   Data           4  cattrap.o(.data)
    AdjSquare                                0x200069dd   Data           4  cattrap.o(.data)
    Available                                0x200069e1   Data           4  cattrap.o(.data)
    Quad                                     0x200069e5   Data           4  cattrap.o(.data)
    outcome                                  0x200069e9   Data           1  cattrap.o(.data)
    language                                 0x200069ea   Data           1  cattrap.o(.data)
    score                                    0x200069eb   Data           1  cattrap.o(.data)
    myLanguage                               0x200069ec   Data           1  cattrap.o(.data)
    Phrases                                  0x200069f0   Data          48  cattrap.o(.data)
    Board                                    0x20006a24   Data          81  cattrap.o(.bss)
    TotalG                                   0x20006a78   Data          44  cattrap.o(.bss)
    __libspace_start                         0x20006aa4   Data          96  libspace.o(.bss)
    __temporary_stack_top$libspace           0x20006b04   Data           0  libspace.o(.bss)



==============================================================================

Memory Map of the image

  Image Entry point : 0x0000026d

  Load Region LR_1 (Base: 0x00000000, Size: 0x00030224, Max: 0xffffffff, ABSOLUTE, COMPRESSED[0x0002acb8])

    Execution Region ER_RO (Exec base: 0x00000000, Load base: 0x00000000, Size: 0x00029800, Max: 0xffffffff, ABSOLUTE)

    Exec Addr    Load Addr    Size         Type   Attr      Idx    E Section Name        Object

    0x00000000   0x00000000   0x00000284   Code   RO            3  * RESET               startup.o
    0x00000284   0x00000284   0x00000008   Code   RO          764  * !!!main             c_w.l(__main.o)
    0x0000028c   0x0000028c   0x00000034   Code   RO          925    !!!scatter          c_w.l(__scatter.o)
    0x000002c0   0x000002c0   0x00000064   Code   RO          923    !!dclz77c           c_w.l(__dclz77c.o)
    0x00000324   0x00000324   0x0000001c   Code   RO          927    !!handler_zi        c_w.l(__scatter_zi.o)
    0x00000340   0x00000340   0x00000002   Code   RO          791    .ARM.Collect$$libinit$$00000000  c_w.l(libinit.o)
    0x00000342   0x00000342   0x00000000   Code   RO          798    .ARM.Collect$$libinit$$00000002  c_w.l(libinit2.o)
    0x00000342   0x00000342   0x00000000   Code   RO          800    .ARM.Collect$$libinit$$00000004  c_w.l(libinit2.o)
    0x00000342   0x00000342   0x00000000   Code   RO          803    .ARM.Collect$$libinit$$0000000A  c_w.l(libinit2.o)
    0x00000342   0x00000342   0x00000000   Code   RO          805    .ARM.Collect$$libinit$$0000000C  c_w.l(libinit2.o)
    0x00000342   0x00000342   0x00000000   Code   RO          807    .ARM.Collect$$libinit$$0000000E  c_w.l(libinit2.o)
    0x00000342   0x00000342   0x00000000   Code   RO          810    .ARM.Collect$$libinit$$00000011  c_w.l(libinit2.o)
    0x00000342   0x00000342   0x00000000   Code   RO          812    .ARM.Collect$$libinit$$00000013  c_w.l(libinit2.o)
    0x00000342   0x00000342   0x00000000   Code   RO          814    .ARM.Collect$$libinit$$00000015  c_w.l(libinit2.o)
    0x00000342   0x00000342   0x00000000   Code   RO          816    .ARM.Collect$$libinit$$00000017  c_w.l(libinit2.o)
    0x00000342   0x00000342   0x00000000   Code   RO          818    .ARM.Collect$$libinit$$00000019  c_w.l(libinit2.o)
    0x00000342   0x00000342   0x00000000   Code   RO          820    .ARM.Collect$$libinit$$0000001B  c_w.l(libinit2.o)
    0x00000342   0x00000342   0x00000000   Code   RO          822    .ARM.Collect$$libinit$$0000001D  c_w.l(libinit2.o)
    0x00000342   0x00000342   0x00000000   Code   RO          824    .ARM.Collect$$libinit$$0000001F  c_w.l(libinit2.o)
    0x00000342   0x00000342   0x00000000   Code   RO          826    .ARM.Collect$$libinit$$00000021  c_w.l(libinit2.o)
    0x00000342   0x00000342   0x00000000   Code   RO          828    .ARM.Collect$$libinit$$00000023  c_w.l(libinit2.o)
    0x00000342   0x00000342   0x00000000   Code   RO          830    .ARM.Collect$$libinit$$00000025  c_w.l(libinit2.o)
    0x00000342   0x00000342   0x00000000   Code   RO          834    .ARM.Collect$$libinit$$0000002C  c_w.l(libinit2.o)
    0x00000342   0x00000342   0x00000000   Code   RO          836    .ARM.Collect$$libinit$$0000002E  c_w.l(libinit2.o)
    0x00000342   0x00000342   0x00000000   Code   RO          838    .ARM.Collect$$libinit$$00000030  c_w.l(libinit2.o)
    0x00000342   0x00000342   0x00000000   Code   RO          840    .ARM.Collect$$libinit$$00000032  c_w.l(libinit2.o)
    0x00000342   0x00000342   0x00000002   Code   RO          841    .ARM.Collect$$libinit$$00000033  c_w.l(libinit2.o)
    0x00000344   0x00000344   0x00000002   Code   RO          861    .ARM.Collect$$libshutdown$$00000000  c_w.l(libshutdown.o)
    0x00000346   0x00000346   0x00000000   Code   RO          874    .ARM.Collect$$libshutdown$$00000002  c_w.l(libshutdown2.o)
    0x00000346   0x00000346   0x00000000   Code   RO          876    .ARM.Collect$$libshutdown$$00000004  c_w.l(libshutdown2.o)
    0x00000346   0x00000346   0x00000000   Code   RO          878    .ARM.Collect$$libshutdown$$00000006  c_w.l(libshutdown2.o)
    0x00000346   0x00000346   0x00000000   Code   RO          881    .ARM.Collect$$libshutdown$$00000009  c_w.l(libshutdown2.o)
    0x00000346   0x00000346   0x00000000   Code   RO          884    .ARM.Collect$$libshutdown$$0000000C  c_w.l(libshutdown2.o)
    0x00000346   0x00000346   0x00000000   Code   RO          886    .ARM.Collect$$libshutdown$$0000000E  c_w.l(libshutdown2.o)
    0x00000346   0x00000346   0x00000000   Code   RO          889    .ARM.Collect$$libshutdown$$00000011  c_w.l(libshutdown2.o)
    0x00000346   0x00000346   0x00000002   Code   RO          890    .ARM.Collect$$libshutdown$$00000012  c_w.l(libshutdown2.o)
    0x00000348   0x00000348   0x00000000   Code   RO          766    .ARM.Collect$$rtentry$$00000000  c_w.l(__rtentry.o)
    0x00000348   0x00000348   0x00000000   Code   RO          768    .ARM.Collect$$rtentry$$00000002  c_w.l(__rtentry2.o)
    0x00000348   0x00000348   0x00000006   Code   RO          780    .ARM.Collect$$rtentry$$00000004  c_w.l(__rtentry4.o)
    0x0000034e   0x0000034e   0x00000000   Code   RO          770    .ARM.Collect$$rtentry$$00000009  c_w.l(__rtentry2.o)
    0x0000034e   0x0000034e   0x00000004   Code   RO          771    .ARM.Collect$$rtentry$$0000000A  c_w.l(__rtentry2.o)
    0x00000352   0x00000352   0x00000000   Code   RO          773    .ARM.Collect$$rtentry$$0000000C  c_w.l(__rtentry2.o)
    0x00000352   0x00000352   0x00000008   Code   RO          774    .ARM.Collect$$rtentry$$0000000D  c_w.l(__rtentry2.o)
    0x0000035a   0x0000035a   0x00000002   Code   RO          795    .ARM.Collect$$rtexit$$00000000  c_w.l(rtexit.o)
    0x0000035c   0x0000035c   0x00000000   Code   RO          843    .ARM.Collect$$rtexit$$00000002  c_w.l(rtexit2.o)
    0x0000035c   0x0000035c   0x00000004   Code   RO          844    .ARM.Collect$$rtexit$$00000003  c_w.l(rtexit2.o)
    0x00000360   0x00000360   0x00000006   Code   RO          845    .ARM.Collect$$rtexit$$00000004  c_w.l(rtexit2.o)
    0x00000366   0x00000366   0x00000002   PAD
    0x00000368   0x00000368   0x00000030   Code   RO            4    .text               startup.o
    0x00000398   0x00000398   0x0000003c   Code   RO           13    .text               random.o
    0x000003d4   0x000003d4   0x00000068   Code   RO          129    .text               lcd.o
    0x0000043c   0x0000043c   0x0000017c   Code   RO          132    .text               print.o
    0x000005b8   0x000005b8   0x00000006   Code   RO          762    .text               c_w.l(heapauxi.o)
    0x000005be   0x000005be   0x0000004a   Code   RO          782    .text               c_w.l(sys_stackheap_outer.o)
    0x00000608   0x00000608   0x00000012   Code   RO          784    .text               c_w.l(exit.o)
    0x0000061a   0x0000061a   0x00000002   PAD
    0x0000061c   0x0000061c   0x00000008   Code   RO          792    .text               c_w.l(libspace.o)
    0x00000624   0x00000624   0x0000000c   Code   RO          853    .text               c_w.l(sys_exit.o)
    0x00000630   0x00000630   0x00000002   Code   RO          864    .text               c_w.l(use_no_semi.o)
    0x00000632   0x00000632   0x00000000   Code   RO          866    .text               c_w.l(indicate_semi.o)
    0x00000632   0x00000632   0x00000002   PAD
    0x00000634   0x00000634   0x0000000c   Code   RO          616    i.ADC0MailFn        cattrap.o
    0x00000640   0x00000640   0x0000002c   Code   RO           41    i.ADC0_In           adc.o
    0x0000066c   0x0000066c   0x000000e0   Code   RO           42    i.ADC0_Init         adc.o
    0x0000074c   0x0000074c   0x00000030   Code   RO           43    i.ADC1_In           adc.o
    0x0000077c   0x0000077c   0x000000c8   Code   RO          418    i.ADC1_Init         texas.o
    0x00000844   0x00000844   0x0000000c   Code   RO          736    i.Board_Change      board.o
    0x00000850   0x00000850   0x00000028   Code   RO          737    i.Board_Init        board.o
    0x00000878   0x00000878   0x00000040   Code   RO          574    i.Button_init       button.o
    0x000008b8   0x000008b8   0x0000018c   Code   RO          618    i.CatWhere          cattrap.o
    0x00000a44   0x00000a44   0x0000004c   Code   RO           16    i.DAC_Init          dac.o
    0x00000a90   0x00000a90   0x0000000c   Code   RO           17    i.DAC_Out           dac.o
    0x00000a9c   0x00000a9c   0x00000020   Code   RO          135    i.Delay1ms          st7735.o
    0x00000abc   0x00000abc   0x000001f8   Code   RO          619    i.Distance_Init     cattrap.o
    0x00000cb4   0x00000cb4   0x00000098   Code   RO          575    i.EdgeCounter_Init  button.o
    0x00000d4c   0x00000d4c   0x000001a8   Code   RO          620    i.EndGame           cattrap.o
    0x00000ef4   0x00000ef4   0x0000008c   Code   RO          576    i.GPIOPortE_Handler  button.o
    0x00000f80   0x00000f80   0x00000030   Code   RO          621    i.GetCatCol         cattrap.o
    0x00000fb0   0x00000fb0   0x00000030   Code   RO          622    i.GetCatRow         cattrap.o
    0x00000fe0   0x00000fe0   0x00000170   Code   RO          623    i.HomeScreen        cattrap.o
    0x00001150   0x00001150   0x00000018   Code   RO          419    i.LogicAnalyzerA    texas.o
    0x00001168   0x00001168   0x00000018   Code   RO          420    i.LogicAnalyzerB    texas.o
    0x00001180   0x00001180   0x00000018   Code   RO          421    i.LogicAnalyzerC    texas.o
    0x00001198   0x00001198   0x00000018   Code   RO          422    i.LogicAnalyzerE    texas.o
    0x000011b0   0x000011b0   0x00000018   Code   RO          423    i.LogicAnalyzerF    texas.o
    0x000011c8   0x000011c8   0x00000010   Code   RO          138    i.Output_Init       st7735.o
    0x000011d8   0x000011d8   0x0000007c   Code   RO          529    i.PLL_Init          pll.o
    0x00001254   0x00001254   0x00000094   Code   RO          424    i.PeriodicTask2_Init  texas.o
    0x000012e8   0x000012e8   0x0000003c   Code   RO          577    i.PortF_Init        button.o
    0x00001324   0x00001324   0x0000005a   Code   RO          624    i.Random81          cattrap.o
    0x0000137e   0x0000137e   0x00000002   PAD
    0x00001380   0x00001380   0x00000120   Code   RO          142    i.ST7735_DrawBitmap  st7735.o
    0x000014a0   0x000014a0   0x000000f8   Code   RO          144    i.ST7735_DrawCharS  st7735.o
    0x00001598   0x00001598   0x00000048   Code   RO          148    i.ST7735_DrawPixel  st7735.o
    0x000015e0   0x000015e0   0x00000054   Code   RO          150    i.ST7735_DrawString  st7735.o
    0x00001634   0x00001634   0x000000ac   Code   RO          151    i.ST7735_FillRect   st7735.o
    0x000016e0   0x000016e0   0x00000024   Code   RO          152    i.ST7735_FillScreen  st7735.o
    0x00001704   0x00001704   0x0000007c   Code   RO          154    i.ST7735_InitR      st7735.o
    0x00001780   0x00001780   0x000000d4   Code   RO          156    i.ST7735_OutChar    st7735.o
    0x00001854   0x00001854   0x00000016   Code   RO          157    i.ST7735_OutString  st7735.o
    0x0000186a   0x0000186a   0x00000002   PAD
    0x0000186c   0x0000186c   0x00000020   Code   RO          167    i.ST7735_SetCursor  st7735.o
    0x0000188c   0x0000188c   0x000000d4   Code   RO          168    i.ST7735_SetRotation  st7735.o
    0x00001960   0x00001960   0x00000014   Code   RO          426    i.Scope             texas.o
    0x00001974   0x00001974   0x00000024   Code   RO           89    i.Sound_Init        sound.o
    0x00001998   0x00001998   0x00000012   Code   RO           91    i.Sound_Start       sound.o
    0x000019aa   0x000019aa   0x00000002   PAD
    0x000019ac   0x000019ac   0x000000cc   Code   RO           92    i.SysTick_Handler   sound.o
    0x00001a78   0x00001a78   0x000000f8   Code   RO          427    i.TExaS_Init        texas.o
    0x00001b70   0x00001b70   0x00000158   Code   RO          625    i.Timer0A_Handler   cattrap.o
    0x00001cc8   0x00001cc8   0x00000060   Code   RO           65    i.Timer0_Init       timer0.o
    0x00001d28   0x00001d28   0x00000060   Code   RO          626    i.Timer1A_Handler   cattrap.o
    0x00001d88   0x00001d88   0x0000006c   Code   RO           77    i.Timer1_Init       timer1.o
    0x00001df4   0x00001df4   0x00000018   Code   RO          429    i.Timer5A_Handler   texas.o
    0x00001e0c   0x00001e0c   0x00000088   Code   RO          431    i.UART0_Init        texas.o
    0x00001e94   0x00001e94   0x000000d0   Code   RO          627    i.checkADC0         cattrap.o
    0x00001f64   0x00001f64   0x000000d0   Code   RO          628    i.checkADC1         cattrap.o
    0x00002034   0x00002034   0x00000056   Code   RO          171    i.commandList       st7735.o
    0x0000208a   0x0000208a   0x00000002   PAD
    0x0000208c   0x0000208c   0x00000188   Code   RO          172    i.commonInit        st7735.o
    0x00002214   0x00002214   0x0000000c   Code   RO          578    i.homeStatus        button.o
    0x00002220   0x00002220   0x0000031c   Code   RO          629    i.main              cattrap.o
    0x0000253c   0x0000253c   0x00000038   Code   RO          542    i.makeBlack         slicer.o
    0x00002574   0x00002574   0x0000012c   Code   RO          630    i.moveCat           cattrap.o
    0x000026a0   0x000026a0   0x00000012   Code   RO          178    i.pushColor         st7735.o
    0x000026b2   0x000026b2   0x00000002   PAD
    0x000026b4   0x000026b4   0x000001c0   Code   RO          631    i.selector          cattrap.o
    0x00002874   0x00002874   0x00000074   Code   RO          179    i.setAddrWindow     st7735.o
    0x000028e8   0x000028e8   0x00025fab   Data   RO           93    .constdata          sound.o
    0x00028893   0x00028893   0x00000001   PAD
    0x00028894   0x00028894   0x00000842   Data   RO          181    .constdata          st7735.o
    0x000290d6   0x000290d6   0x00000002   PAD
    0x000290d8   0x000290d8   0x00000708   Data   RO          633    .constdata          cattrap.o
    0x000297e0   0x000297e0   0x00000020   Data   RO          921    Region$$Table       anon$$obj.o


    Execution Region ER_RW (Exec base: 0x20000000, Load base: 0x00029800, Size: 0x00006a24, Max: 0xffffffff, ABSOLUTE, COMPRESSED[0x000014b8])

    Exec Addr    Load Addr    Size         Type   Attr      Idx    E Section Name        Object

    0x20000000   COMPRESSED   0x0000000d   Data   RW           94    .data               sound.o
    0x2000000d   COMPRESSED   0x00000003   PAD
    0x20000010   COMPRESSED   0x0000002c   Data   RW          182    .data               st7735.o
    0x2000003c   COMPRESSED   0x00000004   Data   RW          434    .data               texas.o
    0x20000040   COMPRESSED   0x00000003   Data   RW          579    .data               button.o
    0x20000043   COMPRESSED   0x00000001   PAD
    0x20000044   COMPRESSED   0x000069dc   Data   RW          634    .data               cattrap.o
    0x20006a20   COMPRESSED   0x00000004   Data   RW           12    DATA                random.o


    Execution Region ER_ZI (Exec base: 0x20006a24, Load base: 0x0002acb8, Size: 0x000004e4, Max: 0xffffffff, ABSOLUTE)

    Exec Addr    Load Addr    Size         Type   Attr      Idx    E Section Name        Object

    0x20006a24        -       0x00000080   Zero   RW          632    .bss                cattrap.o
    0x20006aa4        -       0x00000060   Zero   RW          793    .bss                c_w.l(libspace.o)
    0x20006b04   0x0002acb8   0x00000004   PAD
    0x20006b08        -       0x00000000   Zero   RW            2    HEAP                startup.o
    0x20006b08        -       0x00000400   Zero   RW            1    STACK               startup.o


==============================================================================

Image component sizes


      Code (inc. data)   RO Data    RW Data    ZI Data      Debug   Object Name

       316         36          0          0          0       1740   adc.o
        52          0          0          0          0       1576   board.o
       428         72          0          3          0       3086   button.o
      4290        506       1800      27100        128      13782   cattrap.o
        88         20          0          0          0       5705   dac.o
       104         14          0          0          0        264   lcd.o
       124          4          0          0          0        467   pll.o
       380          2          0          0          0        352   print.o
        60         14          0          4          0        260   random.o
        56          0          0          0          0        640   slicer.o
       258         38     155563         13          0       2535   sound.o
      2162        200       2114         44          0      14896   st7735.o
       692        632          0          0       1024       1020   startup.o
       896        158          0          4          0       6362   texas.o
        96         18          0          0          0        562   timer0.o
       108         16          0          0          0        570   timer1.o

    ----------------------------------------------------------------------
     10120       1730     159512      27172       1152      53817   Object Totals
         0          0         32          0          0          0   (incl. Generated)
        10          0          3          4          0          0   (incl. Padding)

    ----------------------------------------------------------------------

      Code (inc. data)   RO Data    RW Data    ZI Data      Debug   Library Member Name

       100          0          0          0          0          0   __dclz77c.o
         8          0          0          0          0         68   __main.o
         0          0          0          0          0          0   __rtentry.o
        12          0          0          0          0          0   __rtentry2.o
         6          0          0          0          0          0   __rtentry4.o
        52          8          0          0          0          0   __scatter.o
        28          0          0          0          0          0   __scatter_zi.o
        18          0          0          0          0         80   exit.o
         6          0          0          0          0        152   heapauxi.o
         0          0          0          0          0          0   indicate_semi.o
         2          0          0          0          0          0   libinit.o
         2          0          0          0          0          0   libinit2.o
         2          0          0          0          0          0   libshutdown.o
         2          0          0          0          0          0   libshutdown2.o
         8          4          0          0         96         68   libspace.o
         2          0          0          0          0          0   rtexit.o
        10          0          0          0          0          0   rtexit2.o
        12          4          0          0          0         68   sys_exit.o
        74          0          0          0          0         80   sys_stackheap_outer.o
         2          0          0          0          0         68   use_no_semi.o

    ----------------------------------------------------------------------
       352         16          0          0        100        584   Library Totals
         6          0          0          0          4          0   (incl. Padding)

    ----------------------------------------------------------------------

      Code (inc. data)   RO Data    RW Data    ZI Data      Debug   Library Name

       346         16          0          0         96        584   c_w.l

    ----------------------------------------------------------------------
       352         16          0          0        100        584   Library Totals

    ----------------------------------------------------------------------

==============================================================================


      Code (inc. data)   RO Data    RW Data    ZI Data      Debug   

     10472       1746     159512      27172       1252      51277   Grand Totals
     10472       1746     159512       5304       1252      51277   ELF Image Totals (compressed)
     10472       1746     159512       5304          0          0   ROM Totals

==============================================================================

    Total RO  Size (Code + RO Data)               169984 ( 166.00kB)
    Total RW  Size (RW Data + ZI Data)             28424 (  27.76kB)
    Total ROM Size (Code + RO Data + RW Data)     175288 ( 171.18kB)

==============================================================================

